../Core/Src/stm32f4xx_mfrc522.c:16:20:MFRC522_Compare	24	static
../Core/Src/stm32f4xx_mfrc522.c:27:8:MFRC522_WriteRegister	24	static
../Core/Src/stm32f4xx_mfrc522.c:39:11:MFRC522_ReadRegister	32	static
../Core/Src/stm32f4xx_mfrc522.c:53:8:MFRC522_SetBitMask	16	static
../Core/Src/stm32f4xx_mfrc522.c:58:8:MFRC522_ClearBitMask	16	static
../Core/Src/stm32f4xx_mfrc522.c:63:8:MFRC522_AntennaOn	16	static
../Core/Src/stm32f4xx_mfrc522.c:74:8:MFRC522_AntennaOff	8	static
../Core/Src/stm32f4xx_mfrc522.c:79:8:MFRC522_Reset	8	static
../Core/Src/stm32f4xx_mfrc522.c:85:20:MFRC522_ToCard	40	static
../Core/Src/stm32f4xx_mfrc522.c:176:20:MFRC522_Anticoll	32	static
../Core/Src/stm32f4xx_mfrc522.c:204:8:MFRC522_CalculateCRC	40	static
../Core/Src/stm32f4xx_mfrc522.c:232:20:MFRC522_SelectTag	40	static
../Core/Src/stm32f4xx_mfrc522.c:254:20:MFRC522_Auth	48	static
../Core/Src/stm32f4xx_mfrc522.c:282:20:MFRC522_Read	32	static
../Core/Src/stm32f4xx_mfrc522.c:299:20:MFRC522_Write	48	static
../Core/Src/stm32f4xx_mfrc522.c:329:8:MFRC522_Halt	24	static
../Core/Src/stm32f4xx_mfrc522.c:341:8:MFRC522_Init	8	static
../Core/Src/stm32f4xx_mfrc522.c:364:20:MFRC522_Request	32	static
../Core/Src/stm32f4xx_mfrc522.c:379:20:ReadCardValue	64	static
