Archive member included to satisfy reference by file (symbol)

f:/stm32cubeide/stm32cubeide_1.12.0/stm32cubeide/plugins/com.st.stm32cube.ide.mcu.externaltools.gnu-tools-for-stm32.10.3-2021.10.win32_1.0.200.202301161003/tools/bin/../lib/gcc/arm-none-eabi/10.3.1/../../../../arm-none-eabi/lib/thumb/v7e-m+fp/hard\libc_nano.a(lib_a-errno.o)
                              ./Core/Src/syscalls.o (__errno)
f:/stm32cubeide/stm32cubeide_1.12.0/stm32cubeide/plugins/com.st.stm32cube.ide.mcu.externaltools.gnu-tools-for-stm32.10.3-2021.10.win32_1.0.200.202301161003/tools/bin/../lib/gcc/arm-none-eabi/10.3.1/../../../../arm-none-eabi/lib/thumb/v7e-m+fp/hard\libc_nano.a(lib_a-exit.o)
                              f:/stm32cubeide/stm32cubeide_1.12.0/stm32cubeide/plugins/com.st.stm32cube.ide.mcu.externaltools.gnu-tools-for-stm32.10.3-2021.10.win32_1.0.200.202301161003/tools/bin/../lib/gcc/arm-none-eabi/10.3.1/../../../../arm-none-eabi/lib/thumb/v7e-m+fp/hard/crt0.o (exit)
f:/stm32cubeide/stm32cubeide_1.12.0/stm32cubeide/plugins/com.st.stm32cube.ide.mcu.externaltools.gnu-tools-for-stm32.10.3-2021.10.win32_1.0.200.202301161003/tools/bin/../lib/gcc/arm-none-eabi/10.3.1/../../../../arm-none-eabi/lib/thumb/v7e-m+fp/hard\libc_nano.a(lib_a-impure.o)
                              f:/stm32cubeide/stm32cubeide_1.12.0/stm32cubeide/plugins/com.st.stm32cube.ide.mcu.externaltools.gnu-tools-for-stm32.10.3-2021.10.win32_1.0.200.202301161003/tools/bin/../lib/gcc/arm-none-eabi/10.3.1/../../../../arm-none-eabi/lib/thumb/v7e-m+fp/hard\libc_nano.a(lib_a-exit.o) (_global_impure_ptr)
f:/stm32cubeide/stm32cubeide_1.12.0/stm32cubeide/plugins/com.st.stm32cube.ide.mcu.externaltools.gnu-tools-for-stm32.10.3-2021.10.win32_1.0.200.202301161003/tools/bin/../lib/gcc/arm-none-eabi/10.3.1/../../../../arm-none-eabi/lib/thumb/v7e-m+fp/hard\libc_nano.a(lib_a-init.o)
                              f:/stm32cubeide/stm32cubeide_1.12.0/stm32cubeide/plugins/com.st.stm32cube.ide.mcu.externaltools.gnu-tools-for-stm32.10.3-2021.10.win32_1.0.200.202301161003/tools/bin/../lib/gcc/arm-none-eabi/10.3.1/../../../../arm-none-eabi/lib/thumb/v7e-m+fp/hard/crt0.o (__libc_init_array)
f:/stm32cubeide/stm32cubeide_1.12.0/stm32cubeide/plugins/com.st.stm32cube.ide.mcu.externaltools.gnu-tools-for-stm32.10.3-2021.10.win32_1.0.200.202301161003/tools/bin/../lib/gcc/arm-none-eabi/10.3.1/../../../../arm-none-eabi/lib/thumb/v7e-m+fp/hard\libc_nano.a(lib_a-memset.o)
                              f:/stm32cubeide/stm32cubeide_1.12.0/stm32cubeide/plugins/com.st.stm32cube.ide.mcu.externaltools.gnu-tools-for-stm32.10.3-2021.10.win32_1.0.200.202301161003/tools/bin/../lib/gcc/arm-none-eabi/10.3.1/../../../../arm-none-eabi/lib/thumb/v7e-m+fp/hard/crt0.o (memset)
f:/stm32cubeide/stm32cubeide_1.12.0/stm32cubeide/plugins/com.st.stm32cube.ide.mcu.externaltools.gnu-tools-for-stm32.10.3-2021.10.win32_1.0.200.202301161003/tools/bin/../lib/gcc/arm-none-eabi/10.3.1/../../../../arm-none-eabi/lib/thumb/v7e-m+fp/hard\libc_nano.a(lib_a-nano-vfprintf_float.o)
                              (_printf_float)
f:/stm32cubeide/stm32cubeide_1.12.0/stm32cubeide/plugins/com.st.stm32cube.ide.mcu.externaltools.gnu-tools-for-stm32.10.3-2021.10.win32_1.0.200.202301161003/tools/bin/../lib/gcc/arm-none-eabi/10.3.1/../../../../arm-none-eabi/lib/thumb/v7e-m+fp/hard\libc_nano.a(lib_a-nano-vfprintf_i.o)
                              f:/stm32cubeide/stm32cubeide_1.12.0/stm32cubeide/plugins/com.st.stm32cube.ide.mcu.externaltools.gnu-tools-for-stm32.10.3-2021.10.win32_1.0.200.202301161003/tools/bin/../lib/gcc/arm-none-eabi/10.3.1/../../../../arm-none-eabi/lib/thumb/v7e-m+fp/hard\libc_nano.a(lib_a-nano-vfprintf_float.o) (_printf_common)
f:/stm32cubeide/stm32cubeide_1.12.0/stm32cubeide/plugins/com.st.stm32cube.ide.mcu.externaltools.gnu-tools-for-stm32.10.3-2021.10.win32_1.0.200.202301161003/tools/bin/../lib/gcc/arm-none-eabi/10.3.1/../../../../arm-none-eabi/lib/thumb/v7e-m+fp/hard\libc_nano.a(lib_a-sprintf.o)
                              ./Core/Src/main.o (sprintf)
f:/stm32cubeide/stm32cubeide_1.12.0/stm32cubeide/plugins/com.st.stm32cube.ide.mcu.externaltools.gnu-tools-for-stm32.10.3-2021.10.win32_1.0.200.202301161003/tools/bin/../lib/gcc/arm-none-eabi/10.3.1/../../../../arm-none-eabi/lib/thumb/v7e-m+fp/hard\libc_nano.a(lib_a-strlen.o)
                              f:/stm32cubeide/stm32cubeide_1.12.0/stm32cubeide/plugins/com.st.stm32cube.ide.mcu.externaltools.gnu-tools-for-stm32.10.3-2021.10.win32_1.0.200.202301161003/tools/bin/../lib/gcc/arm-none-eabi/10.3.1/../../../../arm-none-eabi/lib/thumb/v7e-m+fp/hard\libc_nano.a(lib_a-nano-vfprintf_float.o) (strlen)
f:/stm32cubeide/stm32cubeide_1.12.0/stm32cubeide/plugins/com.st.stm32cube.ide.mcu.externaltools.gnu-tools-for-stm32.10.3-2021.10.win32_1.0.200.202301161003/tools/bin/../lib/gcc/arm-none-eabi/10.3.1/../../../../arm-none-eabi/lib/thumb/v7e-m+fp/hard\libc_nano.a(lib_a-dtoa.o)
[...]
Memory Configuration

Name             Origin             Length             Attributes
CCMRAM           0x0000000010000000 0x0000000000010000 xrw
RAM              0x0000000020000000 0x0000000000020000 xrw
FLASH            0x0000000008000000 0x0000000000100000 xr
*default*        0x0000000000000000 0xffffffffffffffff

Linker script and memory map

LOAD f:/stm32cubeide/stm32cubeide_1.12.0/stm32cubeide/plugins/com.st.stm32cube.ide.mcu.externaltools.gnu-tools-for-stm32.10.3-2021.10.win32_1.0.200.202301161003/tools/bin/../lib/gcc/arm-none-eabi/10.3.1/thumb/v7e-m+fp/hard/crti.o
LOAD f:/stm32cubeide/stm32cubeide_1.12.0/stm32cubeide/plugins/com.st.stm32cube.ide.mcu.externaltools.gnu-tools-for-stm32.10.3-2021.10.win32_1.0.200.202301161003/tools/bin/../lib/gcc/arm-none-eabi/10.3.1/thumb/v7e-m+fp/hard/crtbegin.o
LOAD f:/stm32cubeide/stm32cubeide_1.12.0/stm32cubeide/plugins/com.st.stm32cube.ide.mcu.externaltools.gnu-tools-for-stm32.10.3-2021.10.win32_1.0.200.202301161003/tools/bin/../lib/gcc/arm-none-eabi/10.3.1/../../../../arm-none-eabi/lib/thumb/v7e-m+fp/hard/crt0.o
LOAD ./Core/Src/main.o
LOAD ./Core/Src/stm32f4xx_LCD1602.o
LOAD ./Core/Src/stm32f4xx_StepperMotor.o
LOAD ./Core/Src/stm32f4xx_dht11.o
LOAD ./Core/Src/stm32f4xx_hal_msp.o
LOAD ./Core/Src/stm32f4xx_hcsr04.o
LOAD ./Core/Src/stm32f4xx_it.o
LOAD ./Core/Src/stm32f4xx_mfrc522.o
LOAD ./Core/Src/stm32f4xx_microDelay.o
LOAD ./Core/Src/syscalls.o
LOAD ./Core/Src/sysmem.o
LOAD ./Core/Src/system_stm32f4xx.o
LOAD ./Core/Startup/startup_stm32f407vgtx.o
LOAD ./Drivers/STM32F4xx_HAL_Driver/Src/stm32f4xx_hal.o
LOAD ./Drivers/STM32F4xx_HAL_Driver/Src/stm32f4xx_hal_cortex.o
LOAD ./Drivers/STM32F4xx_HAL_Driver/Src/stm32f4xx_hal_dma.o
LOAD ./Drivers/STM32F4xx_HAL_Driver/Src/stm32f4xx_hal_dma_ex.o
LOAD ./Drivers/STM32F4xx_HAL_Driver/Src/stm32f4xx_hal_exti.o
LOAD ./Drivers/STM32F4xx_HAL_Driver/Src/stm32f4xx_hal_flash.o
LOAD ./Drivers/STM32F4xx_HAL_Driver/Src/stm32f4xx_hal_flash_ex.o
LOAD ./Drivers/STM32F4xx_HAL_Driver/Src/stm32f4xx_hal_flash_ramfunc.o
LOAD ./Drivers/STM32F4xx_HAL_Driver/Src/stm32f4xx_hal_gpio.o
LOAD ./Drivers/STM32F4xx_HAL_Driver/Src/stm32f4xx_hal_pwr.o
LOAD ./Drivers/STM32F4xx_HAL_Driver/Src/stm32f4xx_hal_pwr_ex.o
LOAD ./Drivers/STM32F4xx_HAL_Driver/Src/stm32f4xx_hal_rcc.o
LOAD ./Drivers/STM32F4xx_HAL_Driver/Src/stm32f4xx_hal_rcc_ex.o
LOAD ./Drivers/STM32F4xx_HAL_Driver/Src/stm32f4xx_hal_spi.o
LOAD ./Drivers/STM32F4xx_HAL_Driver/Src/stm32f4xx_hal_tim.o
LOAD ./Drivers/STM32F4xx_HAL_Driver/Src/stm32f4xx_hal_tim_ex.o
START GROUP
LOAD f:/stm32cubeide/stm32cubeide_1.12.0/stm32cubeide/plugins/com.st.stm32cube.ide.mcu.externaltools.gnu-tools-for-stm32.10.3-2021.10.win32_1.0.200.202301161003/tools/bin/../lib/gcc/arm-none-eabi/10.3.1/../../../../arm-none-eabi/lib/thumb/v7e-m+fp/hard\libc_nano.a
LOAD f:/stm32cubeide/stm32cubeide_1.12.0/stm32cubeide/plugins/com.st.stm32cube.ide.mcu.externaltools.gnu-tools-for-stm32.10.3-2021.10.win32_1.0.200.202301161003/tools/bin/../lib/gcc/arm-none-eabi/10.3.1/../../../../arm-none-eabi/lib/thumb/v7e-m+fp/hard\libm.a
END GROUP
START GROUP
LOAD f:/stm32cubeide/stm32cubeide_1.12.0/stm32cubeide/plugins/com.st.stm32cube.ide.mcu.externaltools.gnu-tools-for-stm32.10.3-2021.10.win32_1.0.200.202301161003/tools/bin/../lib/gcc/arm-none-eabi/10.3.1/thumb/v7e-m+fp/hard\libgcc.a
LOAD f:/stm32cubeide/stm32cubeide_1.12.0/stm32cubeide/plugins/com.st.stm32cube.ide.mcu.externaltools.gnu-tools-for-stm32.10.3-2021.10.win32_1.0.200.202301161003/tools/bin/../lib/gcc/arm-none-eabi/10.3.1/../../../../arm-none-eabi/lib/thumb/v7e-m+fp/hard\libc_nano.a
END GROUP
START GROUP
LOAD f:/stm32cubeide/stm32cubeide_1.12.0/stm32cubeide/plugins/com.st.stm32cube.ide.mcu.externaltools.gnu-tools-for-stm32.10.3-2021.10.win32_1.0.200.202301161003/tools/bin/../lib/gcc/arm-none-eabi/10.3.1/thumb/v7e-m+fp/hard\libgcc.a
LOAD f:/stm32cubeide/stm32cubeide_1.12.0/stm32cubeide/plugins/com.st.stm32cube.ide.mcu.externaltools.gnu-tools-for-stm32.10.3-2021.10.win32_1.0.200.202301161003/tools/bin/../lib/gcc/arm-none-eabi/10.3.1/../../../../arm-none-eabi/lib/thumb/v7e-m+fp/hard\libc_nano.a
LOAD f:/stm32cubeide/stm32cubeide_1.12.0/stm32cubeide/plugins/com.st.stm32cube.ide.mcu.externaltools.gnu-tools-for-stm32.10.3-2021.10.win32_1.0.200.202301161003/tools/bin/../lib/gcc/arm-none-eabi/10.3.1/../../../../arm-none-eabi/lib/thumb/v7e-m+fp/hard\libnosys.a
END GROUP
START GROUP
LOAD f:/stm32cubeide/stm32cubeide_1.12.0/stm32cubeide/plugins/com.st.stm32cube.ide.mcu.externaltools.gnu-tools-for-stm32.10.3-2021.10.win32_1.0.200.202301161003/tools/bin/../lib/gcc/arm-none-eabi/10.3.1/thumb/v7e-m+fp/hard\libgcc.a
LOAD f:/stm32cubeide/stm32cubeide_1.12.0/stm32cubeide/plugins/com.st.stm32cube.ide.mcu.externaltools.gnu-tools-for-stm32.10.3-2021.10.win32_1.0.200.202301161003/tools/bin/../lib/gcc/arm-none-eabi/10.3.1/../../../../arm-none-eabi/lib/thumb/v7e-m+fp/hard\libc_nano.a
LOAD f:/stm32cubeide/stm32cubeide_1.12.0/stm32cubeide/plugins/com.st.stm32cube.ide.mcu.externaltools.gnu-tools-for-stm32.10.3-2021.10.win32_1.0.200.202301161003/tools/bin/../lib/gcc/arm-none-eabi/10.3.1/../../../../arm-none-eabi/lib/thumb/v7e-m+fp/hard\libnosys.a
END GROUP
LOAD f:/stm32cubeide/stm32cubeide_1.12.0/stm32cubeide/plugins/com.st.stm32cube.ide.mcu.externaltools.gnu-tools-for-stm32.10.3-2021.10.win32_1.0.200.202301161003/tools/bin/../lib/gcc/arm-none-eabi/10.3.1/thumb/v7e-m+fp/hard/crtend.o
LOAD f:/stm32cubeide/stm32cubeide_1.12.0/stm32cubeide/plugins/com.st.stm32cube.ide.mcu.externaltools.gnu-tools-for-stm32.10.3-2021.10.win32_1.0.200.202301161003/tools/bin/../lib/gcc/arm-none-eabi/10.3.1/thumb/v7e-m+fp/hard/crtn.o
                0x0000000020020000                _estack = (ORIGIN (RAM) + LENGTH (RAM))
                0x0000000000000200                _Min_Heap_Size = 0x200
                0x0000000000000400                _Min_Stack_Size = 0x400

.isr_vector     0x0000000008000000      0x188
                0x0000000008000000                . = ALIGN (0x4)
 *(.isr_vector)
 .isr_vector    0x0000000008000000      0x188 ./Core/Startup/startup_stm32f407vgtx.o
                0x0000000008000000                g_pfnVectors
                0x0000000008000188                . = ALIGN (0x4)

.text           0x0000000008000190     0x85e0
                0x0000000008000190                . = ALIGN (0x4)
 *(.text)
 .text          0x0000000008000190       0x40 f:/stm32cubeide/stm32cubeide_1.12.0/stm32cubeide/plugins/com.st.stm32cube.ide.mcu.externaltools.gnu-tools-for-stm32.10.3-2021.10.win32_1.0.200.202301161003/tools/bin/../lib/gcc/arm-none-eabi/10.3.1/thumb/v7e-m+fp/hard/crtbegin.o
 .text          0x00000000080001d0       0x10 f:/stm32cubeide/stm32cubeide_1.12.0/stm32cubeide/plugins/com.st.stm32cube.ide.mcu.externaltools.gnu-tools-for-stm32.10.3-2021.10.win32_1.0.200.202301161003/tools/bin/../lib/gcc/arm-none-eabi/10.3.1/../../../../arm-none-eabi/lib/thumb/v7e-m+fp/hard\libc_nano.a(lib_a-strlen.o)
                0x00000000080001d0                strlen
 .text          0x00000000080001e0       0xa0 f:/stm32cubeide/stm32cubeide_1.12.0/stm32cubeide/plugins/com.st.stm32cube.ide.mcu.externaltools.gnu-tools-for-stm32.10.3-2021.10.win32_1.0.200.202301161003/tools/bin/../lib/gcc/arm-none-eabi/10.3.1/../../../../arm-none-eabi/lib/thumb/v7e-m+fp/hard\libc_nano.a(lib_a-memchr.o)
                0x00000000080001e0                memchr
 .text          0x0000000008000280      0x378 f:/stm32cubeide/stm32cubeide_1.12.0/stm32cubeide/plugins/com.st.stm32cube.ide.mcu.externaltools.gnu-tools-for-stm32.10.3-2021.10.win32_1.0.200.202301161003/tools/bin/../lib/gcc/arm-none-eabi/10.3.1/thumb/v7e-m+fp/hard\libgcc.a(_arm_addsubdf3.o)
                0x0000000008000280                __aeabi_drsub
                0x0000000008000288                __aeabi_dsub
                0x0000000008000288                __subdf3
                0x000000000800028c                __aeabi_dadd
                0x000000000800028c                __adddf3
                0x0000000008000504                __floatunsidf
                0x0000000008000504                __aeabi_ui2d
                0x0000000008000524                __floatsidf
                0x0000000008000524                __aeabi_i2d
                0x0000000008000548                __aeabi_f2d
                0x0000000008000548                __extendsfdf2
                0x000000000800058c                __floatundidf
                0x000000000800058c                __aeabi_ul2d
                0x000000000800059c                __floatdidf
                0x000000000800059c                __aeabi_l2d
 .text          0x00000000080005f8      0x424 f:/stm32cubeide/stm32cubeide_1.12.0/stm32cubeide/plugins/com.st.stm32cube.ide.mcu.externaltools.gnu-tools-for-stm32.10.3-2021.10.win32_1.0.200.202301161003/tools/bin/../lib/gcc/arm-none-eabi/10.3.1/thumb/v7e-m+fp/hard\libgcc.a(_arm_muldivdf3.o)
                0x00000000080005f8                __aeabi_dmul
                0x00000000080005f8                __muldf3
                0x000000000800084c                __divdf3
                0x000000000800084c                __aeabi_ddiv
 .text          0x0000000008000a1c      0x110 f:/stm32cubeide/stm32cubeide_1.12.0/stm32cubeide/plugins/com.st.stm32cube.ide.mcu.externaltools.gnu-tools-for-stm32.10.3-2021.10.win32_1.0.200.202301161003/tools/bin/../lib/gcc/arm-none-eabi/10.3.1/thumb/v7e-m+fp/hard\libgcc.a(_arm_cmpdf2.o)
                0x0000000008000a1c                __gtdf2
                0x0000000008000a1c                __gedf2
                0x0000000008000a24                __ltdf2
                0x0000000008000a24                __ledf2
                0x0000000008000a2c                __nedf2
                0x0000000008000a2c                __eqdf2
                0x0000000008000a2c                __cmpdf2
                0x0000000008000aa8                __aeabi_cdrcmple
                0x0000000008000ab8                __aeabi_cdcmpeq
                0x0000000008000ab8                __aeabi_cdcmple
                0x0000000008000ac8                __aeabi_dcmpeq
                0x0000000008000adc                __aeabi_dcmplt
                0x0000000008000af0                __aeabi_dcmple
                0x0000000008000b04                __aeabi_dcmpge
                0x0000000008000b18                __aeabi_dcmpgt
 .text          0x0000000008000b2c       0x2c f:/stm32cubeide/stm32cubeide_1.12.0/stm32cubeide/plugins/com.st.stm32cube.ide.mcu.externaltools.gnu-tools-for-stm32.10.3-2021.10.win32_1.0.200.202301161003/tools/bin/../lib/gcc/arm-none-eabi/10.3.1/thumb/v7e-m+fp/hard\libgcc.a(_arm_unorddf2.o)
                0x0000000008000b2c                __unorddf2
                0x0000000008000b2c                __aeabi_dcmpun
 .text          0x0000000008000b58       0x50 f:/stm32cubeide/stm32cubeide_1.12.0/stm32cubeide/plugins/com.st.stm32cube.ide.mcu.externaltools.gnu-tools-for-stm32.10.3-2021.10.win32_1.0.200.202301161003/tools/bin/../lib/gcc/arm-none-eabi/10.3.1/thumb/v7e-m+fp/hard\libgcc.a(_arm_fixdfsi.o)
                0x0000000008000b58                __aeabi_d2iz
                0x0000000008000b58                __fixdfsi
 .text          0x0000000008000ba8       0x40 f:/stm32cubeide/stm32cubeide_1.12.0/stm32cubeide/plugins/com.st.stm32cube.ide.mcu.externaltools.gnu-tools-for-stm32.10.3-2021.10.win32_1.0.200.202301161003/tools/bin/../lib/gcc/arm-none-eabi/10.3.1/thumb/v7e-m+fp/hard\libgcc.a(_arm_fixunsdfsi.o)
                0x0000000008000ba8                __aeabi_d2uiz
                0x0000000008000ba8                __fixunsdfsi
 .text          0x0000000008000be8       0x30 f:/stm32cubeide/stm32cubeide_1.12.0/stm32cubeide/plugins/com.st.stm32cube.ide.mcu.externaltools.gnu-tools-for-stm32.10.3-2021.10.win32_1.0.200.202301161003/tools/bin/../lib/gcc/arm-none-eabi/10.3.1/thumb/v7e-m+fp/hard\libgcc.a(_aeabi_uldivmod.o)
                0x0000000008000be8                __aeabi_uldivmod
 .text          0x0000000008000c18      0x2d0 f:/stm32cubeide/stm32cubeide_1.12.0/stm32cubeide/plugins/com.st.stm32cube.ide.mcu.externaltools.gnu-tools-for-stm32.10.3-2021.10.win32_1.0.200.202301161003/tools/bin/../lib/gcc/arm-none-eabi/10.3.1/thumb/v7e-m+fp/hard\libgcc.a(_udivmoddi4.o)
                0x0000000008000c18                __udivmoddi4
 .text          0x0000000008000ee8        0x4 f:/stm32cubeide/stm32cubeide_1.12.0/stm32cubeide/plugins/com.st.stm32cube.ide.mcu.externaltools.gnu-tools-for-stm32.10.3-2021.10.win32_1.0.200.202301161003/tools/bin/../lib/gcc/arm-none-eabi/10.3.1/thumb/v7e-m+fp/hard\libgcc.a(_dvmd_tls.o)
                0x0000000008000ee8                __aeabi_idiv0
                0x0000000008000ee8                __aeabi_ldiv0
 *(.text*)
 .text.main     0x0000000008000eec      0x384 ./Core/Src/main.o
                0x0000000008000eec                main
 .text.SystemClock_Config
                0x0000000008001270       0xd4 ./Core/Src/main.o
                0x0000000008001270                SystemClock_Config
 .text.MX_NVIC_Init
                0x0000000008001344       0x38 ./Core/Src/main.o
 .text.MX_SPI1_Init
                0x000000000800137c       0x6c ./Core/Src/main.o
 .text.MX_TIM1_Init
                0x00000000080013e8       0xc4 ./Core/Src/main.o
 .text.MX_TIM2_Init
                0x00000000080014ac       0x98 ./Core/Src/main.o
 .text.MX_GPIO_Init
                0x0000000008001544      0x190 ./Core/Src/main.o
 .text.HAL_TIM_IC_CaptureCallback
                0x00000000080016d4       0x2e ./Core/Src/main.o
                0x00000000080016d4                HAL_TIM_IC_CaptureCallback
 .text.Error_Handler
                0x0000000008001702        0xa ./Core/Src/main.o
                0x0000000008001702                Error_Handler
 .text.LCD1602_TransferToLCD
                0x000000000800170c       0x9c ./Core/Src/stm32f4xx_LCD1602.o
                0x000000000800170c                LCD1602_TransferToLCD
 .text.LCD1602_SendCommand
                0x00000000080017a8       0x34 ./Core/Src/stm32f4xx_LCD1602.o
                0x00000000080017a8                LCD1602_SendCommand
 .text.LCD1602_SendData
                0x00000000080017dc       0x34 ./Core/Src/stm32f4xx_LCD1602.o
                0x00000000080017dc                LCD1602_SendData
 .text.LCD1602_CursorPosition
                0x0000000008001810       0x3e ./Core/Src/stm32f4xx_LCD1602.o
                0x0000000008001810                LCD1602_CursorPosition
 .text.LCD1602_Clear
                0x000000000800184e       0x14 ./Core/Src/stm32f4xx_LCD1602.o
                0x000000000800184e                LCD1602_Clear
 .text.LCD1602_Init
                0x0000000008001862       0x74 ./Core/Src/stm32f4xx_LCD1602.o
                0x0000000008001862                LCD1602_Init
 .text.LCD1602_TransferString
                0x00000000080018d6       0x2a ./Core/Src/stm32f4xx_LCD1602.o
                0x00000000080018d6                LCD1602_TransferString
 .text.StepperMotor_SetRPM
                0x0000000008001900       0x22 ./Core/Src/stm32f4xx_StepperMotor.o
                0x0000000008001900                StepperMotor_SetRPM
 *fill*         0x0000000008001922        0x2 
 .text.StepperMotor_HalfDrive
                0x0000000008001924      0x194 ./Core/Src/stm32f4xx_StepperMotor.o
                0x0000000008001924                StepperMotor_HalfDrive
 .text.StepperMotor_AngledStep
                0x0000000008001ab8       0x94 ./Core/Src/stm32f4xx_StepperMotor.o
                0x0000000008001ab8                StepperMotor_AngledStep
 .text.DHT11_SetPinOutput
                0x0000000008001b4c       0x3c ./Core/Src/stm32f4xx_dht11.o
                0x0000000008001b4c                DHT11_SetPinOutput
 .text.DHT11_SetPinInput
                0x0000000008001b88       0x3c ./Core/Src/stm32f4xx_dht11.o
                0x0000000008001b88                DHT11_SetPinInput
 .text.DHT11_StartRead
                0x0000000008001bc4       0x44 ./Core/Src/stm32f4xx_dht11.o
                0x0000000008001bc4                DHT11_StartRead
 .text.DHT11_CheckResponse
                0x0000000008001c08       0x60 ./Core/Src/stm32f4xx_dht11.o
                0x0000000008001c08                DHT11_CheckResponse
 .text.DHT11_ReadValues
                0x0000000008001c68       0x98 ./Core/Src/stm32f4xx_dht11.o
                0x0000000008001c68                DHT11_ReadValues
 .text.DHT11_PrintValues
                0x0000000008001d00       0xec ./Core/Src/stm32f4xx_dht11.o
                0x0000000008001d00                DHT11_PrintValues
 .text.DHT11_PrintTemp
                0x0000000008001dec       0x50 ./Core/Src/stm32f4xx_dht11.o
                0x0000000008001dec                DHT11_PrintTemp
 .text.DHT11_PrintHum
                0x0000000008001e3c       0x50 ./Core/Src/stm32f4xx_dht11.o
                0x0000000008001e3c                DHT11_PrintHum
 .text.HAL_MspInit
                0x0000000008001e8c       0x50 ./Core/Src/stm32f4xx_hal_msp.o
                0x0000000008001e8c                HAL_MspInit
 .text.HAL_SPI_MspInit
                0x0000000008001edc       0x90 ./Core/Src/stm32f4xx_hal_msp.o
                0x0000000008001edc                HAL_SPI_MspInit
 .text.HAL_TIM_IC_MspInit
                0x0000000008001f6c       0x90 ./Core/Src/stm32f4xx_hal_msp.o
                0x0000000008001f6c                HAL_TIM_IC_MspInit
 .text.HAL_TIM_Base_MspInit
                0x0000000008001ffc       0x40 ./Core/Src/stm32f4xx_hal_msp.o
                0x0000000008001ffc                HAL_TIM_Base_MspInit
 .text.HCSR04_ReadIn
                0x000000000800203c       0x40 ./Core/Src/stm32f4xx_hcsr04.o
                0x000000000800203c                HCSR04_ReadIn
 .text.HCSR04_ReadOut
                0x000000000800207c       0x40 ./Core/Src/stm32f4xx_hcsr04.o
                0x000000000800207c                HCSR04_ReadOut
 *fill*         0x00000000080020bc        0x4 
 .text.HCSR04_MeasureIn
                0x00000000080020c0      0x150 ./Core/Src/stm32f4xx_hcsr04.o
                0x00000000080020c0                HCSR04_MeasureIn
 .text.HCSR04_MeasureOut
                0x0000000008002210      0x150 ./Core/Src/stm32f4xx_hcsr04.o
                0x0000000008002210                HCSR04_MeasureOut
 .text.NMI_Handler
                0x0000000008002360        0x6 ./Core/Src/stm32f4xx_it.o
                0x0000000008002360                NMI_Handler
 .text.HardFault_Handler
                0x0000000008002366        0x6 ./Core/Src/stm32f4xx_it.o
                0x0000000008002366                HardFault_Handler
 .text.MemManage_Handler
                0x000000000800236c        0x6 ./Core/Src/stm32f4xx_it.o
                0x000000000800236c                MemManage_Handler
 .text.BusFault_Handler
                0x0000000008002372        0x6 ./Core/Src/stm32f4xx_it.o
                0x0000000008002372                BusFault_Handler
 .text.UsageFault_Handler
                0x0000000008002378        0x6 ./Core/Src/stm32f4xx_it.o
                0x0000000008002378                UsageFault_Handler
 .text.SVC_Handler
                0x000000000800237e        0xe ./Core/Src/stm32f4xx_it.o
                0x000000000800237e                SVC_Handler
 .text.DebugMon_Handler
                0x000000000800238c        0xe ./Core/Src/stm32f4xx_it.o
                0x000000000800238c                DebugMon_Handler
 .text.PendSV_Handler
                0x000000000800239a        0xe ./Core/Src/stm32f4xx_it.o
                0x000000000800239a                PendSV_Handler
 .text.SysTick_Handler
                0x00000000080023a8        0xc ./Core/Src/stm32f4xx_it.o
                0x00000000080023a8                SysTick_Handler
 .text.TIM1_CC_IRQHandler
                0x00000000080023b4       0x14 ./Core/Src/stm32f4xx_it.o
                0x00000000080023b4                TIM1_CC_IRQHandler
 .text.TIM2_IRQHandler
                0x00000000080023c8       0x14 ./Core/Src/stm32f4xx_it.o
                0x00000000080023c8                TIM2_IRQHandler
 .text.SPI1_IRQHandler
                0x00000000080023dc       0x14 ./Core/Src/stm32f4xx_it.o
                0x00000000080023dc                SPI1_IRQHandler
 .text.MFRC522_Compare
                0x00000000080023f0       0x42 ./Core/Src/stm32f4xx_mfrc522.o
                0x00000000080023f0                MFRC522_Compare
 *fill*         0x0000000008002432        0x2 
 .text.MFRC522_WriteRegister
                0x0000000008002434       0x58 ./Core/Src/stm32f4xx_mfrc522.o
                0x0000000008002434                MFRC522_WriteRegister
 .text.MFRC522_ReadRegister
                0x000000000800248c       0x64 ./Core/Src/stm32f4xx_mfrc522.o
                0x000000000800248c                MFRC522_ReadRegister
 .text.MFRC522_SetBitMask
                0x00000000080024f0       0x34 ./Core/Src/stm32f4xx_mfrc522.o
                0x00000000080024f0                MFRC522_SetBitMask
 .text.MFRC522_ClearBitMask
                0x0000000008002524       0x3c ./Core/Src/stm32f4xx_mfrc522.o
                0x0000000008002524                MFRC522_ClearBitMask
 .text.MFRC522_AntennaOn
                0x0000000008002560       0x32 ./Core/Src/stm32f4xx_mfrc522.o
                0x0000000008002560                MFRC522_AntennaOn
 .text.MFRC522_Reset
                0x0000000008002592       0x10 ./Core/Src/stm32f4xx_mfrc522.o
                0x0000000008002592                MFRC522_Reset
 .text.MFRC522_ToCard
                0x00000000080025a2      0x19e ./Core/Src/stm32f4xx_mfrc522.o
                0x00000000080025a2                MFRC522_ToCard
 .text.MFRC522_Anticoll
                0x0000000008002740       0x7e ./Core/Src/stm32f4xx_mfrc522.o
                0x0000000008002740                MFRC522_Anticoll
 .text.MFRC522_CalculateCRC
                0x00000000080027be       0x92 ./Core/Src/stm32f4xx_mfrc522.o
                0x00000000080027be                MFRC522_CalculateCRC
 .text.MFRC522_SelectTag
                0x0000000008002850       0x7e ./Core/Src/stm32f4xx_mfrc522.o
                0x0000000008002850                MFRC522_SelectTag
 .text.MFRC522_Auth
                0x00000000080028ce       0xa6 ./Core/Src/stm32f4xx_mfrc522.o
                0x00000000080028ce                MFRC522_Auth
 .text.MFRC522_Read
                0x0000000008002974       0x58 ./Core/Src/stm32f4xx_mfrc522.o
                0x0000000008002974                MFRC522_Read
 .text.MFRC522_Init
                0x00000000080029cc       0x68 ./Core/Src/stm32f4xx_mfrc522.o
                0x00000000080029cc                MFRC522_Init
 .text.MFRC522_Request
                0x0000000008002a34       0x4a ./Core/Src/stm32f4xx_mfrc522.o
                0x0000000008002a34                MFRC522_Request
 *fill*         0x0000000008002a7e        0x2 
 .text.ReadCardValue
                0x0000000008002a80      0x198 ./Core/Src/stm32f4xx_mfrc522.o
                0x0000000008002a80                ReadCardValue
 .text.microDelay
                0x0000000008002c18       0x34 ./Core/Src/stm32f4xx_microDelay.o
                0x0000000008002c18                microDelay
 .text._getpid  0x0000000008002c4c       0x10 ./Core/Src/syscalls.o
                0x0000000008002c4c                _getpid
 .text._kill    0x0000000008002c5c       0x20 ./Core/Src/syscalls.o
                0x0000000008002c5c                _kill
 .text._exit    0x0000000008002c7c       0x14 ./Core/Src/syscalls.o
                0x0000000008002c7c                _exit
 .text._read    0x0000000008002c90       0x3a ./Core/Src/syscalls.o
                0x0000000008002c90                _read
 .text._write   0x0000000008002cca       0x38 ./Core/Src/syscalls.o
                0x0000000008002cca                _write
 .text._close   0x0000000008002d02       0x18 ./Core/Src/syscalls.o
                0x0000000008002d02                _close
 .text._fstat   0x0000000008002d1a       0x20 ./Core/Src/syscalls.o
                0x0000000008002d1a                _fstat
 .text._isatty  0x0000000008002d3a       0x16 ./Core/Src/syscalls.o
                0x0000000008002d3a                _isatty
 .text._lseek   0x0000000008002d50       0x1a ./Core/Src/syscalls.o
                0x0000000008002d50                _lseek
 *fill*         0x0000000008002d6a        0x2 
 .text._sbrk    0x0000000008002d6c       0x6c ./Core/Src/sysmem.o
                0x0000000008002d6c                _sbrk
 .text.SystemInit
                0x0000000008002dd8       0x24 ./Core/Src/system_stm32f4xx.o
                0x0000000008002dd8                SystemInit
 .text.Reset_Handler
                0x0000000008002dfc       0x50 ./Core/Startup/startup_stm32f407vgtx.o
                0x0000000008002dfc                Reset_Handler
 .text.Default_Handler
                0x0000000008002e4c        0x2 ./Core/Startup/startup_stm32f407vgtx.o
                0x0000000008002e4c                RTC_Alarm_IRQHandler
                0x0000000008002e4c                HASH_RNG_IRQHandler
                0x0000000008002e4c                EXTI2_IRQHandler
                0x0000000008002e4c                TIM8_CC_IRQHandler
                0x0000000008002e4c                DMA2_Stream5_IRQHandler
                0x0000000008002e4c                DMA1_Stream5_IRQHandler
                0x0000000008002e4c                PVD_IRQHandler
                0x0000000008002e4c                SDIO_IRQHandler
                0x0000000008002e4c                TAMP_STAMP_IRQHandler
                0x0000000008002e4c                CAN2_RX1_IRQHandler
                0x0000000008002e4c                EXTI3_IRQHandler
                0x0000000008002e4c                TIM8_TRG_COM_TIM14_IRQHandler
                0x0000000008002e4c                TIM1_UP_TIM10_IRQHandler
                0x0000000008002e4c                TIM8_UP_TIM13_IRQHandler
                0x0000000008002e4c                I2C3_ER_IRQHandler
                0x0000000008002e4c                EXTI0_IRQHandler
                0x0000000008002e4c                I2C2_EV_IRQHandler
                0x0000000008002e4c                DMA1_Stream2_IRQHandler
                0x0000000008002e4c                CAN1_RX0_IRQHandler
                0x0000000008002e4c                FPU_IRQHandler
                0x0000000008002e4c                OTG_HS_WKUP_IRQHandler
                0x0000000008002e4c                CAN2_SCE_IRQHandler
                0x0000000008002e4c                DMA2_Stream2_IRQHandler
                0x0000000008002e4c                TIM6_DAC_IRQHandler
                0x0000000008002e4c                TIM1_BRK_TIM9_IRQHandler
                0x0000000008002e4c                DCMI_IRQHandler
                0x0000000008002e4c                CAN2_RX0_IRQHandler
                0x0000000008002e4c                DMA2_Stream3_IRQHandler
                0x0000000008002e4c                USART6_IRQHandler
                0x0000000008002e4c                USART3_IRQHandler
                0x0000000008002e4c                CAN1_RX1_IRQHandler
                0x0000000008002e4c                UART5_IRQHandler
                0x0000000008002e4c                DMA2_Stream0_IRQHandler
                0x0000000008002e4c                TIM4_IRQHandler
                0x0000000008002e4c                I2C1_EV_IRQHandler
                0x0000000008002e4c                DMA1_Stream6_IRQHandler
                0x0000000008002e4c                DMA1_Stream1_IRQHandler
                0x0000000008002e4c                UART4_IRQHandler
                0x0000000008002e4c                TIM3_IRQHandler
                0x0000000008002e4c                RCC_IRQHandler
                0x0000000008002e4c                TIM8_BRK_TIM12_IRQHandler
                0x0000000008002e4c                Default_Handler
                0x0000000008002e4c                EXTI15_10_IRQHandler
                0x0000000008002e4c                ADC_IRQHandler
                0x0000000008002e4c                DMA1_Stream7_IRQHandler
                0x0000000008002e4c                TIM7_IRQHandler
                0x0000000008002e4c                CAN2_TX_IRQHandler
                0x0000000008002e4c                TIM5_IRQHandler
                0x0000000008002e4c                DMA2_Stream7_IRQHandler
                0x0000000008002e4c                I2C3_EV_IRQHandler
                0x0000000008002e4c                EXTI9_5_IRQHandler
                0x0000000008002e4c                RTC_WKUP_IRQHandler
                0x0000000008002e4c                ETH_WKUP_IRQHandler
                0x0000000008002e4c                SPI2_IRQHandler
                0x0000000008002e4c                OTG_HS_EP1_IN_IRQHandler
                0x0000000008002e4c                DMA1_Stream0_IRQHandler
                0x0000000008002e4c                CAN1_TX_IRQHandler
                0x0000000008002e4c                EXTI4_IRQHandler
                0x0000000008002e4c                FSMC_IRQHandler
                0x0000000008002e4c                ETH_IRQHandler
                0x0000000008002e4c                OTG_HS_EP1_OUT_IRQHandler
                0x0000000008002e4c                WWDG_IRQHandler
                0x0000000008002e4c                OTG_FS_WKUP_IRQHandler
                0x0000000008002e4c                TIM1_TRG_COM_TIM11_IRQHandler
                0x0000000008002e4c                OTG_HS_IRQHandler
                0x0000000008002e4c                EXTI1_IRQHandler
                0x0000000008002e4c                USART2_IRQHandler
                0x0000000008002e4c                I2C2_ER_IRQHandler
                0x0000000008002e4c                DMA2_Stream1_IRQHandler
                0x0000000008002e4c                CAN1_SCE_IRQHandler
                0x0000000008002e4c                FLASH_IRQHandler
                0x0000000008002e4c                DMA2_Stream4_IRQHandler
                0x0000000008002e4c                USART1_IRQHandler
                0x0000000008002e4c                OTG_FS_IRQHandler
                0x0000000008002e4c                SPI3_IRQHandler
                0x0000000008002e4c                DMA1_Stream4_IRQHandler
                0x0000000008002e4c                I2C1_ER_IRQHandler
                0x0000000008002e4c                DMA2_Stream6_IRQHandler
                0x0000000008002e4c                DMA1_Stream3_IRQHandler
 *fill*         0x0000000008002e4e        0x2 
 .text.HAL_Init
                0x0000000008002e50       0x44 ./Drivers/STM32F4xx_HAL_Driver/Src/stm32f4xx_hal.o
                0x0000000008002e50                HAL_Init
 .text.HAL_InitTick
                0x0000000008002e94       0x60 ./Drivers/STM32F4xx_HAL_Driver/Src/stm32f4xx_hal.o
                0x0000000008002e94                HAL_InitTick
 .text.HAL_IncTick
                0x0000000008002ef4       0x28 ./Drivers/STM32F4xx_HAL_Driver/Src/stm32f4xx_hal.o
                0x0000000008002ef4                HAL_IncTick
 .text.HAL_GetTick
                0x0000000008002f1c       0x18 ./Drivers/STM32F4xx_HAL_Driver/Src/stm32f4xx_hal.o
                0x0000000008002f1c                HAL_GetTick
 .text.HAL_Delay
                0x0000000008002f34       0x48 ./Drivers/STM32F4xx_HAL_Driver/Src/stm32f4xx_hal.o
                0x0000000008002f34                HAL_Delay
 .text.__NVIC_SetPriorityGrouping
                0x0000000008002f7c       0x48 ./Drivers/STM32F4xx_HAL_Driver/Src/stm32f4xx_hal_cortex.o
 .text.__NVIC_GetPriorityGrouping
                0x0000000008002fc4       0x1c ./Drivers/STM32F4xx_HAL_Driver/Src/stm32f4xx_hal_cortex.o
 .text.__NVIC_EnableIRQ
                0x0000000008002fe0       0x3c ./Drivers/STM32F4xx_HAL_Driver/Src/stm32f4xx_hal_cortex.o
 .text.__NVIC_SetPriority
                0x000000000800301c       0x54 ./Drivers/STM32F4xx_HAL_Driver/Src/stm32f4xx_hal_cortex.o
 .text.NVIC_EncodePriority
                0x0000000008003070       0x66 ./Drivers/STM32F4xx_HAL_Driver/Src/stm32f4xx_hal_cortex.o
 *fill*         0x00000000080030d6        0x2 
 .text.SysTick_Config
                0x00000000080030d8       0x44 ./Drivers/STM32F4xx_HAL_Driver/Src/stm32f4xx_hal_cortex.o
 .text.HAL_NVIC_SetPriorityGrouping
                0x000000000800311c       0x16 ./Drivers/STM32F4xx_HAL_Driver/Src/stm32f4xx_hal_cortex.o
                0x000000000800311c                HAL_NVIC_SetPriorityGrouping
 .text.HAL_NVIC_SetPriority
                0x0000000008003132       0x38 ./Drivers/STM32F4xx_HAL_Driver/Src/stm32f4xx_hal_cortex.o
                0x0000000008003132                HAL_NVIC_SetPriority
 .text.HAL_NVIC_EnableIRQ
                0x000000000800316a       0x1c ./Drivers/STM32F4xx_HAL_Driver/Src/stm32f4xx_hal_cortex.o
                0x000000000800316a                HAL_NVIC_EnableIRQ
 .text.HAL_SYSTICK_Config
                0x0000000008003186       0x18 ./Drivers/STM32F4xx_HAL_Driver/Src/stm32f4xx_hal_cortex.o
                0x0000000008003186                HAL_SYSTICK_Config
 .text.HAL_DMA_Abort_IT
                0x000000000800319e       0x44 ./Drivers/STM32F4xx_HAL_Driver/Src/stm32f4xx_hal_dma.o
                0x000000000800319e                HAL_DMA_Abort_IT
 *fill*         0x00000000080031e2        0x2 
 .text.HAL_GPIO_Init
                0x00000000080031e4      0x338 ./Drivers/STM32F4xx_HAL_Driver/Src/stm32f4xx_hal_gpio.o
                0x00000000080031e4                HAL_GPIO_Init
 .text.HAL_GPIO_ReadPin
                0x000000000800351c       0x30 ./Drivers/STM32F4xx_HAL_Driver/Src/stm32f4xx_hal_gpio.o
                0x000000000800351c                HAL_GPIO_ReadPin
 .text.HAL_GPIO_WritePin
                0x000000000800354c       0x32 ./Drivers/STM32F4xx_HAL_Driver/Src/stm32f4xx_hal_gpio.o
                0x000000000800354c                HAL_GPIO_WritePin
 *fill*         0x000000000800357e        0x2 
 .text.HAL_RCC_OscConfig
                0x0000000008003580      0x4f0 ./Drivers/STM32F4xx_HAL_Driver/Src/stm32f4xx_hal_rcc.o
                0x0000000008003580                HAL_RCC_OscConfig
 .text.HAL_RCC_ClockConfig
                0x0000000008003a70      0x1cc ./Drivers/STM32F4xx_HAL_Driver/Src/stm32f4xx_hal_rcc.o
                0x0000000008003a70                HAL_RCC_ClockConfig
 .text.HAL_RCC_GetSysClockFreq
                0x0000000008003c3c      0x20c ./Drivers/STM32F4xx_HAL_Driver/Src/stm32f4xx_hal_rcc.o
                0x0000000008003c3c                HAL_RCC_GetSysClockFreq
 .text.HAL_SPI_Init
                0x0000000008003e48      0x112 ./Drivers/STM32F4xx_HAL_Driver/Src/stm32f4xx_hal_spi.o
                0x0000000008003e48                HAL_SPI_Init
 .text.HAL_SPI_Transmit
                0x0000000008003f5a      0x278 ./Drivers/STM32F4xx_HAL_Driver/Src/stm32f4xx_hal_spi.o
                0x0000000008003f5a                HAL_SPI_Transmit
 .text.HAL_SPI_TransmitReceive
                0x00000000080041d2      0x344 ./Drivers/STM32F4xx_HAL_Driver/Src/stm32f4xx_hal_spi.o
                0x00000000080041d2                HAL_SPI_TransmitReceive
 *fill*         0x0000000008004516        0x2 
 .text.HAL_SPI_IRQHandler
                0x0000000008004518      0x200 ./Drivers/STM32F4xx_HAL_Driver/Src/stm32f4xx_hal_spi.o
                0x0000000008004518                HAL_SPI_IRQHandler
 .text.HAL_SPI_ErrorCallback
                0x0000000008004718       0x14 ./Drivers/STM32F4xx_HAL_Driver/Src/stm32f4xx_hal_spi.o
                0x0000000008004718                HAL_SPI_ErrorCallback
 .text.SPI_DMAAbortOnError
                0x000000000800472c       0x28 ./Drivers/STM32F4xx_HAL_Driver/Src/stm32f4xx_hal_spi.o
 .text.SPI_WaitFlagStateUntilTimeout
                0x0000000008004754      0x110 ./Drivers/STM32F4xx_HAL_Driver/Src/stm32f4xx_hal_spi.o
 .text.SPI_EndRxTxTransaction
                0x0000000008004864       0x84 ./Drivers/STM32F4xx_HAL_Driver/Src/stm32f4xx_hal_spi.o
 .text.HAL_TIM_Base_Init
                0x00000000080048e8       0x9e ./Drivers/STM32F4xx_HAL_Driver/Src/stm32f4xx_hal_tim.o
                0x00000000080048e8                HAL_TIM_Base_Init
 *fill*         0x0000000008004986        0x2 
 .text.HAL_TIM_Base_Start
                0x0000000008004988       0xd0 ./Drivers/STM32F4xx_HAL_Driver/Src/stm32f4xx_hal_tim.o
                0x0000000008004988                HAL_TIM_Base_Start
 .text.HAL_TIM_IC_Init
                0x0000000008004a58       0x9e ./Drivers/STM32F4xx_HAL_Driver/Src/stm32f4xx_hal_tim.o
                0x0000000008004a58                HAL_TIM_IC_Init
 *fill*         0x0000000008004af6        0x2 
 .text.HAL_TIM_IC_Start_IT
                0x0000000008004af8      0x250 ./Drivers/STM32F4xx_HAL_Driver/Src/stm32f4xx_hal_tim.o
                0x0000000008004af8                HAL_TIM_IC_Start_IT
 .text.HAL_TIM_IRQHandler
                0x0000000008004d48      0x210 ./Drivers/STM32F4xx_HAL_Driver/Src/stm32f4xx_hal_tim.o
                0x0000000008004d48                HAL_TIM_IRQHandler
 .text.HAL_TIM_IC_ConfigChannel
                0x0000000008004f58      0x138 ./Drivers/STM32F4xx_HAL_Driver/Src/stm32f4xx_hal_tim.o
                0x0000000008004f58                HAL_TIM_IC_ConfigChannel
 .text.HAL_TIM_ConfigClockSource
                0x0000000008005090      0x18e ./Drivers/STM32F4xx_HAL_Driver/Src/stm32f4xx_hal_tim.o
                0x0000000008005090                HAL_TIM_ConfigClockSource
 *fill*         0x000000000800521e        0x2 
 .text.HAL_TIM_ReadCapturedValue
                0x0000000008005220       0x88 ./Drivers/STM32F4xx_HAL_Driver/Src/stm32f4xx_hal_tim.o
                0x0000000008005220                HAL_TIM_ReadCapturedValue
 .text.HAL_TIM_PeriodElapsedCallback
                0x00000000080052a8       0x14 ./Drivers/STM32F4xx_HAL_Driver/Src/stm32f4xx_hal_tim.o
                0x00000000080052a8                HAL_TIM_PeriodElapsedCallback
 .text.HAL_TIM_OC_DelayElapsedCallback
                0x00000000080052bc       0x14 ./Drivers/STM32F4xx_HAL_Driver/Src/stm32f4xx_hal_tim.o
                0x00000000080052bc                HAL_TIM_OC_DelayElapsedCallback
 .text.HAL_TIM_PWM_PulseFinishedCallback
                0x00000000080052d0       0x14 ./Drivers/STM32F4xx_HAL_Driver/Src/stm32f4xx_hal_tim.o
                0x00000000080052d0                HAL_TIM_PWM_PulseFinishedCallback
 .text.HAL_TIM_TriggerCallback
                0x00000000080052e4       0x14 ./Drivers/STM32F4xx_HAL_Driver/Src/stm32f4xx_hal_tim.o
                0x00000000080052e4                HAL_TIM_TriggerCallback
 .text.TIM_Base_SetConfig
                0x00000000080052f8      0x140 ./Drivers/STM32F4xx_HAL_Driver/Src/stm32f4xx_hal_tim.o
                0x00000000080052f8                TIM_Base_SetConfig
 .text.TIM_TI1_SetConfig
                0x0000000008005438       0xe8 ./Drivers/STM32F4xx_HAL_Driver/Src/stm32f4xx_hal_tim.o
                0x0000000008005438                TIM_TI1_SetConfig
 .text.TIM_TI1_ConfigInputStage
                0x0000000008005520       0x5e ./Drivers/STM32F4xx_HAL_Driver/Src/stm32f4xx_hal_tim.o
 .text.TIM_TI2_SetConfig
                0x000000000800557e       0x7a ./Drivers/STM32F4xx_HAL_Driver/Src/stm32f4xx_hal_tim.o
 .text.TIM_TI2_ConfigInputStage
                0x00000000080055f8       0x60 ./Drivers/STM32F4xx_HAL_Driver/Src/stm32f4xx_hal_tim.o
 .text.TIM_TI3_SetConfig
                0x0000000008005658       0x78 ./Drivers/STM32F4xx_HAL_Driver/Src/stm32f4xx_hal_tim.o
 .text.TIM_TI4_SetConfig
                0x00000000080056d0       0x7a ./Drivers/STM32F4xx_HAL_Driver/Src/stm32f4xx_hal_tim.o
 .text.TIM_ITRx_SetConfig
                0x000000000800574a       0x36 ./Drivers/STM32F4xx_HAL_Driver/Src/stm32f4xx_hal_tim.o
 .text.TIM_ETR_SetConfig
                0x0000000008005780       0x40 ./Drivers/STM32F4xx_HAL_Driver/Src/stm32f4xx_hal_tim.o
                0x0000000008005780                TIM_ETR_SetConfig
 .text.TIM_CCxChannelCmd
                0x00000000080057c0       0x4a ./Drivers/STM32F4xx_HAL_Driver/Src/stm32f4xx_hal_tim.o
                0x00000000080057c0                TIM_CCxChannelCmd
 *fill*         0x000000000800580a        0x2 
 .text.HAL_TIMEx_MasterConfigSynchronization
                0x000000000800580c       0xf8 ./Drivers/STM32F4xx_HAL_Driver/Src/stm32f4xx_hal_tim_ex.o
                0x000000000800580c                HAL_TIMEx_MasterConfigSynchronization
 .text.HAL_TIMEx_CommutCallback
                0x0000000008005904       0x14 ./Drivers/STM32F4xx_HAL_Driver/Src/stm32f4xx_hal_tim_ex.o
                0x0000000008005904                HAL_TIMEx_CommutCallback
 .text.HAL_TIMEx_BreakCallback
                0x0000000008005918       0x14 ./Drivers/STM32F4xx_HAL_Driver/Src/stm32f4xx_hal_tim_ex.o
                0x0000000008005918                HAL_TIMEx_BreakCallback
 .text.__errno  0x000000000800592c        0xc f:/stm32cubeide/stm32cubeide_1.12.0/stm32cubeide/plugins/com.st.stm32cube.ide.mcu.externaltools.gnu-tools-for-stm32.10.3-2021.10.win32_1.0.200.202301161003/tools/bin/../lib/gcc/arm-none-eabi/10.3.1/../../../../arm-none-eabi/lib/thumb/v7e-m+fp/hard\libc_nano.a(lib_a-errno.o)
                0x000000000800592c                __errno
 .text.__libc_init_array
                0x0000000008005938       0x48 f:/stm32cubeide/stm32cubeide_1.12.0/stm32cubeide/plugins/com.st.stm32cube.ide.mcu.externaltools.gnu-tools-for-stm32.10.3-2021.10.win32_1.0.200.202301161003/tools/bin/../lib/gcc/arm-none-eabi/10.3.1/../../../../arm-none-eabi/lib/thumb/v7e-m+fp/hard\libc_nano.a(lib_a-init.o)
                0x0000000008005938                __libc_init_array
 .text.memset   0x0000000008005980       0x10 f:/stm32cubeide/stm32cubeide_1.12.0/stm32cubeide/plugins/com.st.stm32cube.ide.mcu.externaltools.gnu-tools-for-stm32.10.3-2021.10.win32_1.0.200.202301161003/tools/bin/../lib/gcc/arm-none-eabi/10.3.1/../../../../arm-none-eabi/lib/thumb/v7e-m+fp/hard\libc_nano.a(lib_a-memset.o)
                0x0000000008005980                memset
 .text.__cvt    0x0000000008005990       0xc4 f:/stm32cubeide/stm32cubeide_1.12.0/stm32cubeide/plugins/com.st.stm32cube.ide.mcu.externaltools.gnu-tools-for-stm32.10.3-2021.10.win32_1.0.200.202301161003/tools/bin/../lib/gcc/arm-none-eabi/10.3.1/../../../../arm-none-eabi/lib/thumb/v7e-m+fp/hard\libc_nano.a(lib_a-nano-vfprintf_float.o)
                0x0000000008005990                __cvt
 .text.__exponent
                0x0000000008005a54       0x7c f:/stm32cubeide/stm32cubeide_1.12.0/stm32cubeide/plugins/com.st.stm32cube.ide.mcu.externaltools.gnu-tools-for-stm32.10.3-2021.10.win32_1.0.200.202301161003/tools/bin/../lib/gcc/arm-none-eabi/10.3.1/../../../../arm-none-eabi/lib/thumb/v7e-m+fp/hard\libc_nano.a(lib_a-nano-vfprintf_float.o)
                0x0000000008005a54                __exponent
 .text._printf_float
                0x0000000008005ad0      0x46c f:/stm32cubeide/stm32cubeide_1.12.0/stm32cubeide/plugins/com.st.stm32cube.ide.mcu.externaltools.gnu-tools-for-stm32.10.3-2021.10.win32_1.0.200.202301161003/tools/bin/../lib/gcc/arm-none-eabi/10.3.1/../../../../arm-none-eabi/lib/thumb/v7e-m+fp/hard\libc_nano.a(lib_a-nano-vfprintf_float.o)
                0x0000000008005ad0                _printf_float
 .text._printf_common
                0x0000000008005f3c       0xda f:/stm32cubeide/stm32cubeide_1.12.0/stm32cubeide/plugins/com.st.stm32cube.ide.mcu.externaltools.gnu-tools-for-stm32.10.3-2021.10.win32_1.0.200.202301161003/tools/bin/../lib/gcc/arm-none-eabi/10.3.1/../../../../arm-none-eabi/lib/thumb/v7e-m+fp/hard\libc_nano.a(lib_a-nano-vfprintf_i.o)
                0x0000000008005f3c                _printf_common
 *fill*         0x0000000008006016        0x2 
 .text._printf_i
                0x0000000008006018      0x24c f:/stm32cubeide/stm32cubeide_1.12.0/stm32cubeide/plugins/com.st.stm32cube.ide.mcu.externaltools.gnu-tools-for-stm32.10.3-2021.10.win32_1.0.200.202301161003/tools/bin/../lib/gcc/arm-none-eabi/10.3.1/../../../../arm-none-eabi/lib/thumb/v7e-m+fp/hard\libc_nano.a(lib_a-nano-vfprintf_i.o)
                0x0000000008006018                _printf_i
 .text.sprintf  0x0000000008006264       0x40 f:/stm32cubeide/stm32cubeide_1.12.0/stm32cubeide/plugins/com.st.stm32cube.ide.mcu.externaltools.gnu-tools-for-stm32.10.3-2021.10.win32_1.0.200.202301161003/tools/bin/../lib/gcc/arm-none-eabi/10.3.1/../../../../arm-none-eabi/lib/thumb/v7e-m+fp/hard\libc_nano.a(lib_a-sprintf.o)
                0x0000000008006264                siprintf
                0x0000000008006264                sprintf
 .text.quorem   0x00000000080062a4      0x116 f:/stm32cubeide/stm32cubeide_1.12.0/stm32cubeide/plugins/com.st.stm32cube.ide.mcu.externaltools.gnu-tools-for-stm32.10.3-2021.10.win32_1.0.200.202301161003/tools/bin/../lib/gcc/arm-none-eabi/10.3.1/../../../../arm-none-eabi/lib/thumb/v7e-m+fp/hard\libc_nano.a(lib_a-dtoa.o)
 *fill*         0x00000000080063ba        0x6 
 .text._dtoa_r  0x00000000080063c0      0xbdc f:/stm32cubeide/stm32cubeide_1.12.0/stm32cubeide/plugins/com.st.stm32cube.ide.mcu.externaltools.gnu-tools-for-stm32.10.3-2021.10.win32_1.0.200.202301161003/tools/bin/../lib/gcc/arm-none-eabi/10.3.1/../../../../arm-none-eabi/lib/thumb/v7e-m+fp/hard\libc_nano.a(lib_a-dtoa.o)
                0x00000000080063c0                _dtoa_r
 .text._localeconv_r
                0x0000000008006f9c        0x8 f:/stm32cubeide/stm32cubeide_1.12.0/stm32cubeide/plugins/com.st.stm32cube.ide.mcu.externaltools.gnu-tools-for-stm32.10.3-2021.10.win32_1.0.200.202301161003/tools/bin/../lib/gcc/arm-none-eabi/10.3.1/../../../../arm-none-eabi/lib/thumb/v7e-m+fp/hard\libc_nano.a(lib_a-localeconv.o)
                0x0000000008006f9c                _localeconv_r
 .text.malloc   0x0000000008006fa4       0x10 f:/stm32cubeide/stm32cubeide_1.12.0/stm32cubeide/plugins/com.st.stm32cube.ide.mcu.externaltools.gnu-tools-for-stm32.10.3-2021.10.win32_1.0.200.202301161003/tools/bin/../lib/gcc/arm-none-eabi/10.3.1/../../../../arm-none-eabi/lib/thumb/v7e-m+fp/hard\libc_nano.a(lib_a-malloc.o)
                0x0000000008006fa4                malloc
 .text.memcpy   0x0000000008006fb4       0x1c f:/stm32cubeide/stm32cubeide_1.12.0/stm32cubeide/plugins/com.st.stm32cube.ide.mcu.externaltools.gnu-tools-for-stm32.10.3-2021.10.win32_1.0.200.202301161003/tools/bin/../lib/gcc/arm-none-eabi/10.3.1/../../../../arm-none-eabi/lib/thumb/v7e-m+fp/hard\libc_nano.a(lib_a-memcpy-stub.o)
                0x0000000008006fb4                memcpy
 .text._Balloc  0x0000000008006fd0       0x80 f:/stm32cubeide/stm32cubeide_1.12.0/stm32cubeide/plugins/com.st.stm32cube.ide.mcu.externaltools.gnu-tools-for-stm32.10.3-2021.10.win32_1.0.200.202301161003/tools/bin/../lib/gcc/arm-none-eabi/10.3.1/../../../../arm-none-eabi/lib/thumb/v7e-m+fp/hard\libc_nano.a(lib_a-mprec.o)
                0x0000000008006fd0                _Balloc
 .text._Bfree   0x0000000008007050       0x44 f:/stm32cubeide/stm32cubeide_1.12.0/stm32cubeide/plugins/com.st.stm32cube.ide.mcu.externaltools.gnu-tools-for-stm32.10.3-2021.10.win32_1.0.200.202301161003/tools/bin/../lib/gcc/arm-none-eabi/10.3.1/../../../../arm-none-eabi/lib/thumb/v7e-m+fp/hard\libc_nano.a(lib_a-mprec.o)
                0x0000000008007050                _Bfree
 .text.__multadd
                0x0000000008007094       0x8c f:/stm32cubeide/stm32cubeide_1.12.0/stm32cubeide/plugins/com.st.stm32cube.ide.mcu.externaltools.gnu-tools-for-stm32.10.3-2021.10.win32_1.0.200.202301161003/tools/bin/../lib/gcc/arm-none-eabi/10.3.1/../../../../arm-none-eabi/lib/thumb/v7e-m+fp/hard\libc_nano.a(lib_a-mprec.o)
                0x0000000008007094                __multadd
 .text.__hi0bits
                0x0000000008007120       0x40 f:/stm32cubeide/stm32cubeide_1.12.0/stm32cubeide/plugins/com.st.stm32cube.ide.mcu.externaltools.gnu-tools-for-stm32.10.3-2021.10.win32_1.0.200.202301161003/tools/bin/../lib/gcc/arm-none-eabi/10.3.1/../../../../arm-none-eabi/lib/thumb/v7e-m+fp/hard\libc_nano.a(lib_a-mprec.o)
                0x0000000008007120                __hi0bits
 .text.__lo0bits
                0x0000000008007160       0x5e f:/stm32cubeide/stm32cubeide_1.12.0/stm32cubeide/plugins/com.st.stm32cube.ide.mcu.externaltools.gnu-tools-for-stm32.10.3-2021.10.win32_1.0.200.202301161003/tools/bin/../lib/gcc/arm-none-eabi/10.3.1/../../../../arm-none-eabi/lib/thumb/v7e-m+fp/hard\libc_nano.a(lib_a-mprec.o)
                0x0000000008007160                __lo0bits
 *fill*         0x00000000080071be        0x2 
 .text.__i2b    0x00000000080071c0       0x2c f:/stm32cubeide/stm32cubeide_1.12.0/stm32cubeide/plugins/com.st.stm32cube.ide.mcu.externaltools.gnu-tools-for-stm32.10.3-2021.10.win32_1.0.200.202301161003/tools/bin/../lib/gcc/arm-none-eabi/10.3.1/../../../../arm-none-eabi/lib/thumb/v7e-m+fp/hard\libc_nano.a(lib_a-mprec.o)
                0x00000000080071c0                __i2b
 .text.__multiply
                0x00000000080071ec      0x154 f:/stm32cubeide/stm32cubeide_1.12.0/stm32cubeide/plugins/com.st.stm32cube.ide.mcu.externaltools.gnu-tools-for-stm32.10.3-2021.10.win32_1.0.200.202301161003/tools/bin/../lib/gcc/arm-none-eabi/10.3.1/../../../../arm-none-eabi/lib/thumb/v7e-m+fp/hard\libc_nano.a(lib_a-mprec.o)
                0x00000000080071ec                __multiply
 .text.__pow5mult
                0x0000000008007340       0xb4 f:/stm32cubeide/stm32cubeide_1.12.0/stm32cubeide/plugins/com.st.stm32cube.ide.mcu.externaltools.gnu-tools-for-stm32.10.3-2021.10.win32_1.0.200.202301161003/tools/bin/../lib/gcc/arm-none-eabi/10.3.1/../../../../arm-none-eabi/lib/thumb/v7e-m+fp/hard\libc_nano.a(lib_a-mprec.o)
                0x0000000008007340                __pow5mult
 .text.__lshift
                0x00000000080073f4       0xe0 f:/stm32cubeide/stm32cubeide_1.12.0/stm32cubeide/plugins/com.st.stm32cube.ide.mcu.externaltools.gnu-tools-for-stm32.10.3-2021.10.win32_1.0.200.202301161003/tools/bin/../lib/gcc/arm-none-eabi/10.3.1/../../../../arm-none-eabi/lib/thumb/v7e-m+fp/hard\libc_nano.a(lib_a-mprec.o)
                0x00000000080073f4                __lshift
 .text.__mcmp   0x00000000080074d4       0x38 f:/stm32cubeide/stm32cubeide_1.12.0/stm32cubeide/plugins/com.st.stm32cube.ide.mcu.externaltools.gnu-tools-for-stm32.10.3-2021.10.win32_1.0.200.202301161003/tools/bin/../lib/gcc/arm-none-eabi/10.3.1/../../../../arm-none-eabi/lib/thumb/v7e-m+fp/hard\libc_nano.a(lib_a-mprec.o)
                0x00000000080074d4                __mcmp
 .text.__mdiff  0x000000000800750c      0x114 f:/stm32cubeide/stm32cubeide_1.12.0/stm32cubeide/plugins/com.st.stm32cube.ide.mcu.externaltools.gnu-tools-for-stm32.10.3-2021.10.win32_1.0.200.202301161003/tools/bin/../lib/gcc/arm-none-eabi/10.3.1/../../../../arm-none-eabi/lib/thumb/v7e-m+fp/hard\libc_nano.a(lib_a-mprec.o)
                0x000000000800750c                __mdiff
 .text.__d2b    0x0000000008007620       0xb8 f:/stm32cubeide/stm32cubeide_1.12.0/stm32cubeide/plugins/com.st.stm32cube.ide.mcu.externaltools.gnu-tools-for-stm32.10.3-2021.10.win32_1.0.200.202301161003/tools/bin/../lib/gcc/arm-none-eabi/10.3.1/../../../../arm-none-eabi/lib/thumb/v7e-m+fp/hard\libc_nano.a(lib_a-mprec.o)
                0x0000000008007620                __d2b
 .text._calloc_r
                0x00000000080076d8       0x2c f:/stm32cubeide/stm32cubeide_1.12.0/stm32cubeide/plugins/com.st.stm32cube.ide.mcu.externaltools.gnu-tools-for-stm32.10.3-2021.10.win32_1.0.200.202301161003/tools/bin/../lib/gcc/arm-none-eabi/10.3.1/../../../../arm-none-eabi/lib/thumb/v7e-m+fp/hard\libc_nano.a(lib_a-nano-callocr.o)
                0x00000000080076d8                _calloc_r
 .text._free_r  0x0000000008007704       0x98 f:/stm32cubeide/stm32cubeide_1.12.0/stm32cubeide/plugins/com.st.stm32cube.ide.mcu.externaltools.gnu-tools-for-stm32.10.3-2021.10.win32_1.0.200.202301161003/tools/bin/../lib/gcc/arm-none-eabi/10.3.1/../../../../arm-none-eabi/lib/thumb/v7e-m+fp/hard\libc_nano.a(lib_a-nano-freer.o)
                0x0000000008007704                _free_r
 .text.sbrk_aligned
                0x000000000800779c       0x40 f:/stm32cubeide/stm32cubeide_1.12.0/stm32cubeide/plugins/com.st.stm32cube.ide.mcu.externaltools.gnu-tools-for-stm32.10.3-2021.10.win32_1.0.200.202301161003/tools/bin/../lib/gcc/arm-none-eabi/10.3.1/../../../../arm-none-eabi/lib/thumb/v7e-m+fp/hard\libc_nano.a(lib_a-nano-mallocr.o)
 .text._malloc_r
                0x00000000080077dc       0xe8 f:/stm32cubeide/stm32cubeide_1.12.0/stm32cubeide/plugins/com.st.stm32cube.ide.mcu.externaltools.gnu-tools-for-stm32.10.3-2021.10.win32_1.0.200.202301161003/tools/bin/../lib/gcc/arm-none-eabi/10.3.1/../../../../arm-none-eabi/lib/thumb/v7e-m+fp/hard\libc_nano.a(lib_a-nano-mallocr.o)
                0x00000000080077dc                _malloc_r
 .text.__ssputs_r
                0x00000000080078c4       0xb6 f:/stm32cubeide/stm32cubeide_1.12.0/stm32cubeide/plugins/com.st.stm32cube.ide.mcu.externaltools.gnu-tools-for-stm32.10.3-2021.10.win32_1.0.200.202301161003/tools/bin/../lib/gcc/arm-none-eabi/10.3.1/../../../../arm-none-eabi/lib/thumb/v7e-m+fp/hard\libc_nano.a(lib_a-nano-svfprintf.o)
                0x00000000080078c4                __ssputs_r
 *fill*         0x000000000800797a        0x2 
 .text._svfprintf_r
                0x000000000800797c      0x200 f:/stm32cubeide/stm32cubeide_1.12.0/stm32cubeide/plugins/com.st.stm32cube.ide.mcu.externaltools.gnu-tools-for-stm32.10.3-2021.10.win32_1.0.200.202301161003/tools/bin/../lib/gcc/arm-none-eabi/10.3.1/../../../../arm-none-eabi/lib/thumb/v7e-m+fp/hard\libc_nano.a(lib_a-nano-svfprintf.o)
                0x000000000800797c                _svfiprintf_r
                0x000000000800797c                _svfprintf_r
 .text._sbrk_r  0x0000000008007b7c       0x20 f:/stm32cubeide/stm32cubeide_1.12.0/stm32cubeide/plugins/com.st.stm32cube.ide.mcu.externaltools.gnu-tools-for-stm32.10.3-2021.10.win32_1.0.200.202301161003/tools/bin/../lib/gcc/arm-none-eabi/10.3.1/../../../../arm-none-eabi/lib/thumb/v7e-m+fp/hard\libc_nano.a(lib_a-sbrkr.o)
                0x0000000008007b7c                _sbrk_r
 .text.__assert_func
                0x0000000008007b9c       0x3c f:/stm32cubeide/stm32cubeide_1.12.0/stm32cubeide/plugins/com.st.stm32cube.ide.mcu.externaltools.gnu-tools-for-stm32.10.3-2021.10.win32_1.0.200.202301161003/tools/bin/../lib/gcc/arm-none-eabi/10.3.1/../../../../arm-none-eabi/lib/thumb/v7e-m+fp/hard\libc_nano.a(lib_a-assert.o)
                0x0000000008007b9c                __assert_func
 .text.fprintf  0x0000000008007bd8       0x24 f:/stm32cubeide/stm32cubeide_1.12.0/stm32cubeide/plugins/com.st.stm32cube.ide.mcu.externaltools.gnu-tools-for-stm32.10.3-2021.10.win32_1.0.200.202301161003/tools/bin/../lib/gcc/arm-none-eabi/10.3.1/../../../../arm-none-eabi/lib/thumb/v7e-m+fp/hard\libc_nano.a(lib_a-fprintf.o)
                0x0000000008007bd8                fiprintf
                0x0000000008007bd8                fprintf
 .text.__ascii_mbtowc
                0x0000000008007bfc       0x24 f:/stm32cubeide/stm32cubeide_1.12.0/stm32cubeide/plugins/com.st.stm32cube.ide.mcu.externaltools.gnu-tools-for-stm32.10.3-2021.10.win32_1.0.200.202301161003/tools/bin/../lib/gcc/arm-none-eabi/10.3.1/../../../../arm-none-eabi/lib/thumb/v7e-m+fp/hard\libc_nano.a(lib_a-mbtowc_r.o)
                0x0000000008007bfc                __ascii_mbtowc
 .text.memmove  0x0000000008007c20       0x34 f:/stm32cubeide/stm32cubeide_1.12.0/stm32cubeide/plugins/com.st.stm32cube.ide.mcu.externaltools.gnu-tools-for-stm32.10.3-2021.10.win32_1.0.200.202301161003/tools/bin/../lib/gcc/arm-none-eabi/10.3.1/../../../../arm-none-eabi/lib/thumb/v7e-m+fp/hard\libc_nano.a(lib_a-memmove.o)
                0x0000000008007c20                memmove
 .text.__malloc_lock
                0x0000000008007c54        0xc f:/stm32cubeide/stm32cubeide_1.12.0/stm32cubeide/plugins/com.st.stm32cube.ide.mcu.externaltools.gnu-tools-for-stm32.10.3-2021.10.win32_1.0.200.202301161003/tools/bin/../lib/gcc/arm-none-eabi/10.3.1/../../../../arm-none-eabi/lib/thumb/v7e-m+fp/hard\libc_nano.a(lib_a-mlock.o)
                0x0000000008007c54                __malloc_lock
 .text.__malloc_unlock
                0x0000000008007c60        0xc f:/stm32cubeide/stm32cubeide_1.12.0/stm32cubeide/plugins/com.st.stm32cube.ide.mcu.externaltools.gnu-tools-for-stm32.10.3-2021.10.win32_1.0.200.202301161003/tools/bin/../lib/gcc/arm-none-eabi/10.3.1/../../../../arm-none-eabi/lib/thumb/v7e-m+fp/hard\libc_nano.a(lib_a-mlock.o)
                0x0000000008007c60                __malloc_unlock
 .text._realloc_r
                0x0000000008007c6c       0x5e f:/stm32cubeide/stm32cubeide_1.12.0/stm32cubeide/plugins/com.st.stm32cube.ide.mcu.externaltools.gnu-tools-for-stm32.10.3-2021.10.win32_1.0.200.202301161003/tools/bin/../lib/gcc/arm-none-eabi/10.3.1/../../../../arm-none-eabi/lib/thumb/v7e-m+fp/hard\libc_nano.a(lib_a-nano-reallocr.o)
                0x0000000008007c6c                _realloc_r
 .text.__sfputc_r
                0x0000000008007cca       0x2e f:/stm32cubeide/stm32cubeide_1.12.0/stm32cubeide/plugins/com.st.stm32cube.ide.mcu.externaltools.gnu-tools-for-stm32.10.3-2021.10.win32_1.0.200.202301161003/tools/bin/../lib/gcc/arm-none-eabi/10.3.1/../../../../arm-none-eabi/lib/thumb/v7e-m+fp/hard\libc_nano.a(lib_a-nano-vfprintf.o)
 .text.__sfputs_r
                0x0000000008007cf8       0x24 f:/stm32cubeide/stm32cubeide_1.12.0/stm32cubeide/plugins/com.st.stm32cube.ide.mcu.externaltools.gnu-tools-for-stm32.10.3-2021.10.win32_1.0.200.202301161003/tools/bin/../lib/gcc/arm-none-eabi/10.3.1/../../../../arm-none-eabi/lib/thumb/v7e-m+fp/hard\libc_nano.a(lib_a-nano-vfprintf.o)
                0x0000000008007cf8                __sfputs_r
 .text._vfprintf_r
                0x0000000008007d1c      0x260 f:/stm32cubeide/stm32cubeide_1.12.0/stm32cubeide/plugins/com.st.stm32cube.ide.mcu.externaltools.gnu-tools-for-stm32.10.3-2021.10.win32_1.0.200.202301161003/tools/bin/../lib/gcc/arm-none-eabi/10.3.1/../../../../arm-none-eabi/lib/thumb/v7e-m+fp/hard\libc_nano.a(lib_a-nano-vfprintf.o)
                0x0000000008007d1c                _vfprintf_r
                0x0000000008007d1c                _vfiprintf_r
 .text.__swbuf_r
                0x0000000008007f7c       0xa4 f:/stm32cubeide/stm32cubeide_1.12.0/stm32cubeide/plugins/com.st.stm32cube.ide.mcu.externaltools.gnu-tools-for-stm32.10.3-2021.10.win32_1.0.200.202301161003/tools/bin/../lib/gcc/arm-none-eabi/10.3.1/../../../../arm-none-eabi/lib/thumb/v7e-m+fp/hard\libc_nano.a(lib_a-wbuf.o)
                0x0000000008007f7c                __swbuf_r
 .text.__ascii_wctomb
                0x0000000008008020       0x1a f:/stm32cubeide/stm32cubeide_1.12.0/stm32cubeide/plugins/com.st.stm32cube.ide.mcu.externaltools.gnu-tools-for-stm32.10.3-2021.10.win32_1.0.200.202301161003/tools/bin/../lib/gcc/arm-none-eabi/10.3.1/../../../../arm-none-eabi/lib/thumb/v7e-m+fp/hard\libc_nano.a(lib_a-wctomb_r.o)
                0x0000000008008020                __ascii_wctomb
 *fill*         0x000000000800803a        0x2 
 .text.__swsetup_r
                0x000000000800803c       0xdc f:/stm32cubeide/stm32cubeide_1.12.0/stm32cubeide/plugins/com.st.stm32cube.ide.mcu.externaltools.gnu-tools-for-stm32.10.3-2021.10.win32_1.0.200.202301161003/tools/bin/../lib/gcc/arm-none-eabi/10.3.1/../../../../arm-none-eabi/lib/thumb/v7e-m+fp/hard\libc_nano.a(lib_a-wsetup.o)
                0x000000000800803c                __swsetup_r
 .text.abort    0x0000000008008118        0xe f:/stm32cubeide/stm32cubeide_1.12.0/stm32cubeide/plugins/com.st.stm32cube.ide.mcu.externaltools.gnu-tools-for-stm32.10.3-2021.10.win32_1.0.200.202301161003/tools/bin/../lib/gcc/arm-none-eabi/10.3.1/../../../../arm-none-eabi/lib/thumb/v7e-m+fp/hard\libc_nano.a(lib_a-abort.o)
                0x0000000008008118                abort
 *fill*         0x0000000008008126        0x2 
 .text.__sflush_r
                0x0000000008008128      0x10c f:/stm32cubeide/stm32cubeide_1.12.0/stm32cubeide/plugins/com.st.stm32cube.ide.mcu.externaltools.gnu-tools-for-stm32.10.3-2021.10.win32_1.0.200.202301161003/tools/bin/../lib/gcc/arm-none-eabi/10.3.1/../../../../arm-none-eabi/lib/thumb/v7e-m+fp/hard\libc_nano.a(lib_a-fflush.o)
                0x0000000008008128                __sflush_r
 .text._fflush_r
                0x0000000008008234       0x78 f:/stm32cubeide/stm32cubeide_1.12.0/stm32cubeide/plugins/com.st.stm32cube.ide.mcu.externaltools.gnu-tools-for-stm32.10.3-2021.10.win32_1.0.200.202301161003/tools/bin/../lib/gcc/arm-none-eabi/10.3.1/../../../../arm-none-eabi/lib/thumb/v7e-m+fp/hard\libc_nano.a(lib_a-fflush.o)
                0x0000000008008234                _fflush_r
 .text.std      0x00000000080082ac       0x48 f:/stm32cubeide/stm32cubeide_1.12.0/stm32cubeide/plugins/com.st.stm32cube.ide.mcu.externaltools.gnu-tools-for-stm32.10.3-2021.10.win32_1.0.200.202301161003/tools/bin/../lib/gcc/arm-none-eabi/10.3.1/../../../../arm-none-eabi/lib/thumb/v7e-m+fp/hard\libc_nano.a(lib_a-findfp.o)
 .text._cleanup_r
                0x00000000080082f4        0xc f:/stm32cubeide/stm32cubeide_1.12.0/stm32cubeide/plugins/com.st.stm32cube.ide.mcu.externaltools.gnu-tools-for-stm32.10.3-2021.10.win32_1.0.200.202301161003/tools/bin/../lib/gcc/arm-none-eabi/10.3.1/../../../../arm-none-eabi/lib/thumb/v7e-m+fp/hard\libc_nano.a(lib_a-findfp.o)
                0x00000000080082f4                _cleanup_r
 .text.__sfmoreglue
                0x0000000008008300       0x2c f:/stm32cubeide/stm32cubeide_1.12.0/stm32cubeide/plugins/com.st.stm32cube.ide.mcu.externaltools.gnu-tools-for-stm32.10.3-2021.10.win32_1.0.200.202301161003/tools/bin/../lib/gcc/arm-none-eabi/10.3.1/../../../../arm-none-eabi/lib/thumb/v7e-m+fp/hard\libc_nano.a(lib_a-findfp.o)
                0x0000000008008300                __sfmoreglue
 .text.__sfp_lock_acquire
                0x000000000800832c        0xc f:/stm32cubeide/stm32cubeide_1.12.0/stm32cubeide/plugins/com.st.stm32cube.ide.mcu.externaltools.gnu-tools-for-stm32.10.3-2021.10.win32_1.0.200.202301161003/tools/bin/../lib/gcc/arm-none-eabi/10.3.1/../../../../arm-none-eabi/lib/thumb/v7e-m+fp/hard\libc_nano.a(lib_a-findfp.o)
                0x000000000800832c                __sfp_lock_acquire
 .text.__sfp_lock_release
                0x0000000008008338        0xc f:/stm32cubeide/stm32cubeide_1.12.0/stm32cubeide/plugins/com.st.stm32cube.ide.mcu.externaltools.gnu-tools-for-stm32.10.3-2021.10.win32_1.0.200.202301161003/tools/bin/../lib/gcc/arm-none-eabi/10.3.1/../../../../arm-none-eabi/lib/thumb/v7e-m+fp/hard\libc_nano.a(lib_a-findfp.o)
                0x0000000008008338                __sfp_lock_release
 .text.__sinit_lock_acquire
                0x0000000008008344        0xc f:/stm32cubeide/stm32cubeide_1.12.0/stm32cubeide/plugins/com.st.stm32cube.ide.mcu.externaltools.gnu-tools-for-stm32.10.3-2021.10.win32_1.0.200.202301161003/tools/bin/../lib/gcc/arm-none-eabi/10.3.1/../../../../arm-none-eabi/lib/thumb/v7e-m+fp/hard\libc_nano.a(lib_a-findfp.o)
                0x0000000008008344                __sinit_lock_acquire
 .text.__sinit_lock_release
                0x0000000008008350        0xc f:/stm32cubeide/stm32cubeide_1.12.0/stm32cubeide/plugins/com.st.stm32cube.ide.mcu.externaltools.gnu-tools-for-stm32.10.3-2021.10.win32_1.0.200.202301161003/tools/bin/../lib/gcc/arm-none-eabi/10.3.1/../../../../arm-none-eabi/lib/thumb/v7e-m+fp/hard\libc_nano.a(lib_a-findfp.o)
                0x0000000008008350                __sinit_lock_release
 .text.__sinit  0x000000000800835c       0x70 f:/stm32cubeide/stm32cubeide_1.12.0/stm32cubeide/plugins/com.st.stm32cube.ide.mcu.externaltools.gnu-tools-for-stm32.10.3-2021.10.win32_1.0.200.202301161003/tools/bin/../lib/gcc/arm-none-eabi/10.3.1/../../../../arm-none-eabi/lib/thumb/v7e-m+fp/hard\libc_nano.a(lib_a-findfp.o)
                0x000000000800835c                __sinit
 .text.__sfp    0x00000000080083cc       0x8c f:/stm32cubeide/stm32cubeide_1.12.0/stm32cubeide/plugins/com.st.stm32cube.ide.mcu.externaltools.gnu-tools-for-stm32.10.3-2021.10.win32_1.0.200.202301161003/tools/bin/../lib/gcc/arm-none-eabi/10.3.1/../../../../arm-none-eabi/lib/thumb/v7e-m+fp/hard\libc_nano.a(lib_a-findfp.o)
                0x00000000080083cc                __sfp
 .text._fwalk_reent
                0x0000000008008458       0x3e f:/stm32cubeide/stm32cubeide_1.12.0/stm32cubeide/plugins/com.st.stm32cube.ide.mcu.externaltools.gnu-tools-for-stm32.10.3-2021.10.win32_1.0.200.202301161003/tools/bin/../lib/gcc/arm-none-eabi/10.3.1/../../../../arm-none-eabi/lib/thumb/v7e-m+fp/hard\libc_nano.a(lib_a-fwalk.o)
                0x0000000008008458                _fwalk_reent
 .text.__retarget_lock_init_recursive
                0x0000000008008496        0x2 f:/stm32cubeide/stm32cubeide_1.12.0/stm32cubeide/plugins/com.st.stm32cube.ide.mcu.externaltools.gnu-tools-for-stm32.10.3-2021.10.win32_1.0.200.202301161003/tools/bin/../lib/gcc/arm-none-eabi/10.3.1/../../../../arm-none-eabi/lib/thumb/v7e-m+fp/hard\libc_nano.a(lib_a-lock.o)
                0x0000000008008496                __retarget_lock_init_recursive
 .text.__retarget_lock_acquire_recursive
                0x0000000008008498        0x2 f:/stm32cubeide/stm32cubeide_1.12.0/stm32cubeide/plugins/com.st.stm32cube.ide.mcu.externaltools.gnu-tools-for-stm32.10.3-2021.10.win32_1.0.200.202301161003/tools/bin/../lib/gcc/arm-none-eabi/10.3.1/../../../../arm-none-eabi/lib/thumb/v7e-m+fp/hard\libc_nano.a(lib_a-lock.o)
                0x0000000008008498                __retarget_lock_acquire_recursive
 .text.__retarget_lock_release_recursive
                0x000000000800849a        0x2 f:/stm32cubeide/stm32cubeide_1.12.0/stm32cubeide/plugins/com.st.stm32cube.ide.mcu.externaltools.gnu-tools-for-stm32.10.3-2021.10.win32_1.0.200.202301161003/tools/bin/../lib/gcc/arm-none-eabi/10.3.1/../../../../arm-none-eabi/lib/thumb/v7e-m+fp/hard\libc_nano.a(lib_a-lock.o)
                0x000000000800849a                __retarget_lock_release_recursive
 .text.__swhatbuf_r
                0x000000000800849c       0x4a f:/stm32cubeide/stm32cubeide_1.12.0/stm32cubeide/plugins/com.st.stm32cube.ide.mcu.externaltools.gnu-tools-for-stm32.10.3-2021.10.win32_1.0.200.202301161003/tools/bin/../lib/gcc/arm-none-eabi/10.3.1/../../../../arm-none-eabi/lib/thumb/v7e-m+fp/hard\libc_nano.a(lib_a-makebuf.o)
                0x000000000800849c                __swhatbuf_r
 *fill*         0x00000000080084e6        0x2 
 .text.__smakebuf_r
                0x00000000080084e8       0x80 f:/stm32cubeide/stm32cubeide_1.12.0/stm32cubeide/plugins/com.st.stm32cube.ide.mcu.externaltools.gnu-tools-for-stm32.10.3-2021.10.win32_1.0.200.202301161003/tools/bin/../lib/gcc/arm-none-eabi/10.3.1/../../../../arm-none-eabi/lib/thumb/v7e-m+fp/hard\libc_nano.a(lib_a-makebuf.o)
                0x00000000080084e8                __smakebuf_r
 .text._malloc_usable_size_r
                0x0000000008008568       0x10 f:/stm32cubeide/stm32cubeide_1.12.0/stm32cubeide/plugins/com.st.stm32cube.ide.mcu.externaltools.gnu-tools-for-stm32.10.3-2021.10.win32_1.0.200.202301161003/tools/bin/../lib/gcc/arm-none-eabi/10.3.1/../../../../arm-none-eabi/lib/thumb/v7e-m+fp/hard\libc_nano.a(lib_a-nano-msizer.o)
                0x0000000008008568                _malloc_usable_size_r
 .text._raise_r
                0x0000000008008578       0x50 f:/stm32cubeide/stm32cubeide_1.12.0/stm32cubeide/plugins/com.st.stm32cube.ide.mcu.externaltools.gnu-tools-for-stm32.10.3-2021.10.win32_1.0.200.202301161003/tools/bin/../lib/gcc/arm-none-eabi/10.3.1/../../../../arm-none-eabi/lib/thumb/v7e-m+fp/hard\libc_nano.a(lib_a-signal.o)
                0x0000000008008578                _raise_r
 .text.raise    0x00000000080085c8       0x10 f:/stm32cubeide/stm32cubeide_1.12.0/stm32cubeide/plugins/com.st.stm32cube.ide.mcu.externaltools.gnu-tools-for-stm32.10.3-2021.10.win32_1.0.200.202301161003/tools/bin/../lib/gcc/arm-none-eabi/10.3.1/../../../../arm-none-eabi/lib/thumb/v7e-m+fp/hard\libc_nano.a(lib_a-signal.o)
                0x00000000080085c8                raise
 .text._kill_r  0x00000000080085d8       0x24 f:/stm32cubeide/stm32cubeide_1.12.0/stm32cubeide/plugins/com.st.stm32cube.ide.mcu.externaltools.gnu-tools-for-stm32.10.3-2021.10.win32_1.0.200.202301161003/tools/bin/../lib/gcc/arm-none-eabi/10.3.1/../../../../arm-none-eabi/lib/thumb/v7e-m+fp/hard\libc_nano.a(lib_a-signalr.o)
                0x00000000080085d8                _kill_r
 .text._getpid_r
                0x00000000080085fc        0x4 f:/stm32cubeide/stm32cubeide_1.12.0/stm32cubeide/plugins/com.st.stm32cube.ide.mcu.externaltools.gnu-tools-for-stm32.10.3-2021.10.win32_1.0.200.202301161003/tools/bin/../lib/gcc/arm-none-eabi/10.3.1/../../../../arm-none-eabi/lib/thumb/v7e-m+fp/hard\libc_nano.a(lib_a-signalr.o)
                0x00000000080085fc                _getpid_r
 .text.__sread  0x0000000008008600       0x22 f:/stm32cubeide/stm32cubeide_1.12.0/stm32cubeide/plugins/com.st.stm32cube.ide.mcu.externaltools.gnu-tools-for-stm32.10.3-2021.10.win32_1.0.200.202301161003/tools/bin/../lib/gcc/arm-none-eabi/10.3.1/../../../../arm-none-eabi/lib/thumb/v7e-m+fp/hard\libc_nano.a(lib_a-stdio.o)
                0x0000000008008600                __sread
 .text.__swrite
                0x0000000008008622       0x38 f:/stm32cubeide/stm32cubeide_1.12.0/stm32cubeide/plugins/com.st.stm32cube.ide.mcu.externaltools.gnu-tools-for-stm32.10.3-2021.10.win32_1.0.200.202301161003/tools/bin/../lib/gcc/arm-none-eabi/10.3.1/../../../../arm-none-eabi/lib/thumb/v7e-m+fp/hard\libc_nano.a(lib_a-stdio.o)
                0x0000000008008622                __swrite
 .text.__sseek  0x000000000800865a       0x24 f:/stm32cubeide/stm32cubeide_1.12.0/stm32cubeide/plugins/com.st.stm32cube.ide.mcu.externaltools.gnu-tools-for-stm32.10.3-2021.10.win32_1.0.200.202301161003/tools/bin/../lib/gcc/arm-none-eabi/10.3.1/../../../../arm-none-eabi/lib/thumb/v7e-m+fp/hard\libc_nano.a(lib_a-stdio.o)
                0x000000000800865a                __sseek
 .text.__sclose
                0x000000000800867e        0x8 f:/stm32cubeide/stm32cubeide_1.12.0/stm32cubeide/plugins/com.st.stm32cube.ide.mcu.externaltools.gnu-tools-for-stm32.10.3-2021.10.win32_1.0.200.202301161003/tools/bin/../lib/gcc/arm-none-eabi/10.3.1/../../../../arm-none-eabi/lib/thumb/v7e-m+fp/hard\libc_nano.a(lib_a-stdio.o)
                0x000000000800867e                __sclose
 *fill*         0x0000000008008686        0x2 
 .text._write_r
                0x0000000008008688       0x24 f:/stm32cubeide/stm32cubeide_1.12.0/stm32cubeide/plugins/com.st.stm32cube.ide.mcu.externaltools.gnu-tools-for-stm32.10.3-2021.10.win32_1.0.200.202301161003/tools/bin/../lib/gcc/arm-none-eabi/10.3.1/../../../../arm-none-eabi/lib/thumb/v7e-m+fp/hard\libc_nano.a(lib_a-writer.o)
                0x0000000008008688                _write_r
 .text._close_r
                0x00000000080086ac       0x20 f:/stm32cubeide/stm32cubeide_1.12.0/stm32cubeide/plugins/com.st.stm32cube.ide.mcu.externaltools.gnu-tools-for-stm32.10.3-2021.10.win32_1.0.200.202301161003/tools/bin/../lib/gcc/arm-none-eabi/10.3.1/../../../../arm-none-eabi/lib/thumb/v7e-m+fp/hard\libc_nano.a(lib_a-closer.o)
                0x00000000080086ac                _close_r
 .text._fstat_r
                0x00000000080086cc       0x24 f:/stm32cubeide/stm32cubeide_1.12.0/stm32cubeide/plugins/com.st.stm32cube.ide.mcu.externaltools.gnu-tools-for-stm32.10.3-2021.10.win32_1.0.200.202301161003/tools/bin/../lib/gcc/arm-none-eabi/10.3.1/../../../../arm-none-eabi/lib/thumb/v7e-m+fp/hard\libc_nano.a(lib_a-fstatr.o)
                0x00000000080086cc                _fstat_r
 .text._isatty_r
                0x00000000080086f0       0x20 f:/stm32cubeide/stm32cubeide_1.12.0/stm32cubeide/plugins/com.st.stm32cube.ide.mcu.externaltools.gnu-tools-for-stm32.10.3-2021.10.win32_1.0.200.202301161003/tools/bin/../lib/gcc/arm-none-eabi/10.3.1/../../../../arm-none-eabi/lib/thumb/v7e-m+fp/hard\libc_nano.a(lib_a-isattyr.o)
                0x00000000080086f0                _isatty_r
 .text._lseek_r
                0x0000000008008710       0x24 f:/stm32cubeide/stm32cubeide_1.12.0/stm32cubeide/plugins/com.st.stm32cube.ide.mcu.externaltools.gnu-tools-for-stm32.10.3-2021.10.win32_1.0.200.202301161003/tools/bin/../lib/gcc/arm-none-eabi/10.3.1/../../../../arm-none-eabi/lib/thumb/v7e-m+fp/hard\libc_nano.a(lib_a-lseekr.o)
                0x0000000008008710                _lseek_r
 .text._read_r  0x0000000008008734       0x24 f:/stm32cubeide/stm32cubeide_1.12.0/stm32cubeide/plugins/com.st.stm32cube.ide.mcu.externaltools.gnu-tools-for-stm32.10.3-2021.10.win32_1.0.200.202301161003/tools/bin/../lib/gcc/arm-none-eabi/10.3.1/../../../../arm-none-eabi/lib/thumb/v7e-m+fp/hard\libc_nano.a(lib_a-readr.o)
                0x0000000008008734                _read_r
 *(.glue_7)
 .glue_7        0x0000000008008758        0x0 linker stubs
 *(.glue_7t)
 .glue_7t       0x0000000008008758        0x0 linker stubs
 *(.eh_frame)
 .eh_frame      0x0000000008008758        0x0 f:/stm32cubeide/stm32cubeide_1.12.0/stm32cubeide/plugins/com.st.stm32cube.ide.mcu.externaltools.gnu-tools-for-stm32.10.3-2021.10.win32_1.0.200.202301161003/tools/bin/../lib/gcc/arm-none-eabi/10.3.1/thumb/v7e-m+fp/hard/crtbegin.o
 *(.init)
 .init          0x0000000008008758        0x4 f:/stm32cubeide/stm32cubeide_1.12.0/stm32cubeide/plugins/com.st.stm32cube.ide.mcu.externaltools.gnu-tools-for-stm32.10.3-2021.10.win32_1.0.200.202301161003/tools/bin/../lib/gcc/arm-none-eabi/10.3.1/thumb/v7e-m+fp/hard/crti.o
                0x0000000008008758                _init
 .init          0x000000000800875c        0x8 f:/stm32cubeide/stm32cubeide_1.12.0/stm32cubeide/plugins/com.st.stm32cube.ide.mcu.externaltools.gnu-tools-for-stm32.10.3-2021.10.win32_1.0.200.202301161003/tools/bin/../lib/gcc/arm-none-eabi/10.3.1/thumb/v7e-m+fp/hard/crtn.o
 *(.fini)
 .fini          0x0000000008008764        0x4 f:/stm32cubeide/stm32cubeide_1.12.0/stm32cubeide/plugins/com.st.stm32cube.ide.mcu.externaltools.gnu-tools-for-stm32.10.3-2021.10.win32_1.0.200.202301161003/tools/bin/../lib/gcc/arm-none-eabi/10.3.1/thumb/v7e-m+fp/hard/crti.o
                0x0000000008008764                _fini
 .fini          0x0000000008008768        0x8 f:/stm32cubeide/stm32cubeide_1.12.0/stm32cubeide/plugins/com.st.stm32cube.ide.mcu.externaltools.gnu-tools-for-stm32.10.3-2021.10.win32_1.0.200.202301161003/tools/bin/../lib/gcc/arm-none-eabi/10.3.1/thumb/v7e-m+fp/hard/crtn.o
                0x0000000008008770                . = ALIGN (0x4)
                0x0000000008008770                _etext = .

.vfp11_veneer   0x0000000008008770        0x0
 .vfp11_veneer  0x0000000008008770        0x0 linker stubs

.v4_bx          0x0000000008008770        0x0
 .v4_bx         0x0000000008008770        0x0 linker stubs

.iplt           0x0000000008008770        0x0
 .iplt          0x0000000008008770        0x0 f:/stm32cubeide/stm32cubeide_1.12.0/stm32cubeide/plugins/com.st.stm32cube.ide.mcu.externaltools.gnu-tools-for-stm32.10.3-2021.10.win32_1.0.200.202301161003/tools/bin/../lib/gcc/arm-none-eabi/10.3.1/thumb/v7e-m+fp/hard/crtbegin.o

.rodata         0x0000000008008770      0x57c
                0x0000000008008770                . = ALIGN (0x4)
 *(.rodata)
 .rodata        0x0000000008008770       0xb1 ./Core/Src/main.o
 *fill*         0x0000000008008821        0x3 
 .rodata        0x0000000008008824       0x15 ./Core/Src/stm32f4xx_dht11.o
 *fill*         0x0000000008008839        0x3 
 .rodata        0x000000000800883c        0xd ./Core/Src/stm32f4xx_hcsr04.o
 *fill*         0x0000000008008849        0x3 
 .rodata        0x000000000800884c       0xb6 ./Core/Src/stm32f4xx_mfrc522.o
 *(.rodata*)
 *fill*         0x0000000008008902        0x2 
 .rodata.AHBPrescTable
                0x0000000008008904       0x10 ./Core/Src/system_stm32f4xx.o
                0x0000000008008904                AHBPrescTable
 .rodata._global_impure_ptr
                0x0000000008008914        0x4 f:/stm32cubeide/stm32cubeide_1.12.0/stm32cubeide/plugins/com.st.stm32cube.ide.mcu.externaltools.gnu-tools-for-stm32.10.3-2021.10.win32_1.0.200.202301161003/tools/bin/../lib/gcc/arm-none-eabi/10.3.1/../../../../arm-none-eabi/lib/thumb/v7e-m+fp/hard\libc_nano.a(lib_a-impure.o)
                0x0000000008008914                _global_impure_ptr
 .rodata._printf_float.str1.1
                0x0000000008008918       0x12 f:/stm32cubeide/stm32cubeide_1.12.0/stm32cubeide/plugins/com.st.stm32cube.ide.mcu.externaltools.gnu-tools-for-stm32.10.3-2021.10.win32_1.0.200.202301161003/tools/bin/../lib/gcc/arm-none-eabi/10.3.1/../../../../arm-none-eabi/lib/thumb/v7e-m+fp/hard\libc_nano.a(lib_a-nano-vfprintf_float.o)
 .rodata._printf_i.str1.1
                0x000000000800892a       0x22 f:/stm32cubeide/stm32cubeide_1.12.0/stm32cubeide/plugins/com.st.stm32cube.ide.mcu.externaltools.gnu-tools-for-stm32.10.3-2021.10.win32_1.0.200.202301161003/tools/bin/../lib/gcc/arm-none-eabi/10.3.1/../../../../arm-none-eabi/lib/thumb/v7e-m+fp/hard\libc_nano.a(lib_a-nano-vfprintf_i.o)
 .rodata._dtoa_r.str1.1
                0x000000000800894c       0x90 f:/stm32cubeide/stm32cubeide_1.12.0/stm32cubeide/plugins/com.st.stm32cube.ide.mcu.externaltools.gnu-tools-for-stm32.10.3-2021.10.win32_1.0.200.202301161003/tools/bin/../lib/gcc/arm-none-eabi/10.3.1/../../../../arm-none-eabi/lib/thumb/v7e-m+fp/hard\libc_nano.a(lib_a-dtoa.o)
                                         0x92 (size before relaxing)
 .rodata._Balloc.str1.1
                0x00000000080089dc       0x5c f:/stm32cubeide/stm32cubeide_1.12.0/stm32cubeide/plugins/com.st.stm32cube.ide.mcu.externaltools.gnu-tools-for-stm32.10.3-2021.10.win32_1.0.200.202301161003/tools/bin/../lib/gcc/arm-none-eabi/10.3.1/../../../../arm-none-eabi/lib/thumb/v7e-m+fp/hard\libc_nano.a(lib_a-mprec.o)
                                         0x73 (size before relaxing)
 .rodata.__multadd.str1.1
                0x0000000008008a38       0x11 f:/stm32cubeide/stm32cubeide_1.12.0/stm32cubeide/plugins/com.st.stm32cube.ide.mcu.externaltools.gnu-tools-for-stm32.10.3-2021.10.win32_1.0.200.202301161003/tools/bin/../lib/gcc/arm-none-eabi/10.3.1/../../../../arm-none-eabi/lib/thumb/v7e-m+fp/hard\libc_nano.a(lib_a-mprec.o)
 .rodata.__mprec_bigtens
                0x0000000008008a38       0x28 f:/stm32cubeide/stm32cubeide_1.12.0/stm32cubeide/plugins/com.st.stm32cube.ide.mcu.externaltools.gnu-tools-for-stm32.10.3-2021.10.win32_1.0.200.202301161003/tools/bin/../lib/gcc/arm-none-eabi/10.3.1/../../../../arm-none-eabi/lib/thumb/v7e-m+fp/hard\libc_nano.a(lib_a-mprec.o)
                0x0000000008008a38                __mprec_bigtens
 .rodata.__mprec_tens
                0x0000000008008a60       0xc8 f:/stm32cubeide/stm32cubeide_1.12.0/stm32cubeide/plugins/com.st.stm32cube.ide.mcu.externaltools.gnu-tools-for-stm32.10.3-2021.10.win32_1.0.200.202301161003/tools/bin/../lib/gcc/arm-none-eabi/10.3.1/../../../../arm-none-eabi/lib/thumb/v7e-m+fp/hard\libc_nano.a(lib_a-mprec.o)
                0x0000000008008a60                __mprec_tens
 .rodata.p05.0  0x0000000008008b28        0xc f:/stm32cubeide/stm32cubeide_1.12.0/stm32cubeide/plugins/com.st.stm32cube.ide.mcu.externaltools.gnu-tools-for-stm32.10.3-2021.10.win32_1.0.200.202301161003/tools/bin/../lib/gcc/arm-none-eabi/10.3.1/../../../../arm-none-eabi/lib/thumb/v7e-m+fp/hard\libc_nano.a(lib_a-mprec.o)
 .rodata._svfprintf_r.str1.1
                0x0000000008008b34       0x11 f:/stm32cubeide/stm32cubeide_1.12.0/stm32cubeide/plugins/com.st.stm32cube.ide.mcu.externaltools.gnu-tools-for-stm32.10.3-2021.10.win32_1.0.200.202301161003/tools/bin/../lib/gcc/arm-none-eabi/10.3.1/../../../../arm-none-eabi/lib/thumb/v7e-m+fp/hard\libc_nano.a(lib_a-nano-svfprintf.o)
 .rodata.__assert_func.str1.1
                0x0000000008008b45       0x3c f:/stm32cubeide/stm32cubeide_1.12.0/stm32cubeide/plugins/com.st.stm32cube.ide.mcu.externaltools.gnu-tools-for-stm32.10.3-2021.10.win32_1.0.200.202301161003/tools/bin/../lib/gcc/arm-none-eabi/10.3.1/../../../../arm-none-eabi/lib/thumb/v7e-m+fp/hard\libc_nano.a(lib_a-assert.o)
                                         0x3d (size before relaxing)
 .rodata._setlocale_r.str1.1
                0x0000000008008b81        0x8 f:/stm32cubeide/stm32cubeide_1.12.0/stm32cubeide/plugins/com.st.stm32cube.ide.mcu.externaltools.gnu-tools-for-stm32.10.3-2021.10.win32_1.0.200.202301161003/tools/bin/../lib/gcc/arm-none-eabi/10.3.1/../../../../arm-none-eabi/lib/thumb/v7e-m+fp/hard\libc_nano.a(lib_a-locale.o)
                                          0x9 (size before relaxing)
 .rodata.str1.1
                0x0000000008008b89        0x2 f:/stm32cubeide/stm32cubeide_1.12.0/stm32cubeide/plugins/com.st.stm32cube.ide.mcu.externaltools.gnu-tools-for-stm32.10.3-2021.10.win32_1.0.200.202301161003/tools/bin/../lib/gcc/arm-none-eabi/10.3.1/../../../../arm-none-eabi/lib/thumb/v7e-m+fp/hard\libc_nano.a(lib_a-locale.o)
 .rodata._vfprintf_r.str1.1
                0x0000000008008b8b       0x11 f:/stm32cubeide/stm32cubeide_1.12.0/stm32cubeide/plugins/com.st.stm32cube.ide.mcu.externaltools.gnu-tools-for-stm32.10.3-2021.10.win32_1.0.200.202301161003/tools/bin/../lib/gcc/arm-none-eabi/10.3.1/../../../../arm-none-eabi/lib/thumb/v7e-m+fp/hard\libc_nano.a(lib_a-nano-vfprintf.o)
 .rodata._ctype_
                0x0000000008008b8b      0x101 f:/stm32cubeide/stm32cubeide_1.12.0/stm32cubeide/plugins/com.st.stm32cube.ide.mcu.externaltools.gnu-tools-for-stm32.10.3-2021.10.win32_1.0.200.202301161003/tools/bin/../lib/gcc/arm-none-eabi/10.3.1/../../../../arm-none-eabi/lib/thumb/v7e-m+fp/hard\libc_nano.a(lib_a-ctype_.o)
                0x0000000008008b8b                _ctype_
 .rodata.__sf_fake_stderr
                0x0000000008008c8c       0x20 f:/stm32cubeide/stm32cubeide_1.12.0/stm32cubeide/plugins/com.st.stm32cube.ide.mcu.externaltools.gnu-tools-for-stm32.10.3-2021.10.win32_1.0.200.202301161003/tools/bin/../lib/gcc/arm-none-eabi/10.3.1/../../../../arm-none-eabi/lib/thumb/v7e-m+fp/hard\libc_nano.a(lib_a-findfp.o)
                0x0000000008008c8c                __sf_fake_stderr
 .rodata.__sf_fake_stdin
                0x0000000008008cac       0x20 f:/stm32cubeide/stm32cubeide_1.12.0/stm32cubeide/plugins/com.st.stm32cube.ide.mcu.externaltools.gnu-tools-for-stm32.10.3-2021.10.win32_1.0.200.202301161003/tools/bin/../lib/gcc/arm-none-eabi/10.3.1/../../../../arm-none-eabi/lib/thumb/v7e-m+fp/hard\libc_nano.a(lib_a-findfp.o)
                0x0000000008008cac                __sf_fake_stdin
 .rodata.__sf_fake_stdout
                0x0000000008008ccc       0x20 f:/stm32cubeide/stm32cubeide_1.12.0/stm32cubeide/plugins/com.st.stm32cube.ide.mcu.externaltools.gnu-tools-for-stm32.10.3-2021.10.win32_1.0.200.202301161003/tools/bin/../lib/gcc/arm-none-eabi/10.3.1/../../../../arm-none-eabi/lib/thumb/v7e-m+fp/hard\libc_nano.a(lib_a-findfp.o)
                0x0000000008008ccc                __sf_fake_stdout
                0x0000000008008cec                . = ALIGN (0x4)

.ARM.extab      0x0000000008008cec        0x0
                0x0000000008008cec                . = ALIGN (0x4)
 *(.ARM.extab* .gnu.linkonce.armextab.*)
                0x0000000008008cec                . = ALIGN (0x4)

.ARM            0x0000000008008cec        0x8
                0x0000000008008cec                . = ALIGN (0x4)
                0x0000000008008cec                __exidx_start = .
 *(.ARM.exidx*)
 .ARM.exidx     0x0000000008008cec        0x8 f:/stm32cubeide/stm32cubeide_1.12.0/stm32cubeide/plugins/com.st.stm32cube.ide.mcu.externaltools.gnu-tools-for-stm32.10.3-2021.10.win32_1.0.200.202301161003/tools/bin/../lib/gcc/arm-none-eabi/10.3.1/thumb/v7e-m+fp/hard\libgcc.a(_udivmoddi4.o)
                0x0000000008008cf4                __exidx_end = .
                0x0000000008008cf4                . = ALIGN (0x4)

.rel.dyn        0x0000000008008cf4        0x0
 .rel.iplt      0x0000000008008cf4        0x0 f:/stm32cubeide/stm32cubeide_1.12.0/stm32cubeide/plugins/com.st.stm32cube.ide.mcu.externaltools.gnu-tools-for-stm32.10.3-2021.10.win32_1.0.200.202301161003/tools/bin/../lib/gcc/arm-none-eabi/10.3.1/thumb/v7e-m+fp/hard/crtbegin.o

.preinit_array  0x0000000008008cf4        0x0
                0x0000000008008cf4                . = ALIGN (0x4)
                0x0000000008008cf4                PROVIDE (__preinit_array_start = .)
 *(.preinit_array*)
                0x0000000008008cf4                PROVIDE (__preinit_array_end = .)
                0x0000000008008cf4                . = ALIGN (0x4)

.init_array     0x0000000008008cf4        0x4
                0x0000000008008cf4                . = ALIGN (0x4)
                0x0000000008008cf4                PROVIDE (__init_array_start = .)
 *(SORT_BY_NAME(.init_array.*))
 *(.init_array*)
 .init_array    0x0000000008008cf4        0x4 f:/stm32cubeide/stm32cubeide_1.12.0/stm32cubeide/plugins/com.st.stm32cube.ide.mcu.externaltools.gnu-tools-for-stm32.10.3-2021.10.win32_1.0.200.202301161003/tools/bin/../lib/gcc/arm-none-eabi/10.3.1/thumb/v7e-m+fp/hard/crtbegin.o
                0x0000000008008cf8                PROVIDE (__init_array_end = .)
                0x0000000008008cf8                . = ALIGN (0x4)

.fini_array     0x0000000008008cf8        0x4
                0x0000000008008cf8                . = ALIGN (0x4)
                [!provide]                        PROVIDE (__fini_array_start = .)
 *(SORT_BY_NAME(.fini_array.*))
 *(.fini_array*)
 .fini_array    0x0000000008008cf8        0x4 f:/stm32cubeide/stm32cubeide_1.12.0/stm32cubeide/plugins/com.st.stm32cube.ide.mcu.externaltools.gnu-tools-for-stm32.10.3-2021.10.win32_1.0.200.202301161003/tools/bin/../lib/gcc/arm-none-eabi/10.3.1/thumb/v7e-m+fp/hard/crtbegin.o
                [!provide]                        PROVIDE (__fini_array_end = .)
                0x0000000008008cfc                . = ALIGN (0x4)
                0x0000000008008cfc                _sidata = LOADADDR (.data)

.data           0x0000000020000000      0x1e4 load address 0x0000000008008cfc
                0x0000000020000000                . = ALIGN (0x4)
                0x0000000020000000                _sdata = .
 *(.data)
 *(.data*)
 .data.CompareID
                0x0000000020000000        0x4 ./Core/Src/main.o
                0x0000000020000000                CompareID
 .data.totalSpaces
                0x0000000020000004        0x4 ./Core/Src/main.o
                0x0000000020000004                totalSpaces
 .data.SystemCoreClock
                0x0000000020000008        0x4 ./Core/Src/system_stm32f4xx.o
                0x0000000020000008                SystemCoreClock
 .data.uwTickPrio
                0x000000002000000c        0x4 ./Drivers/STM32F4xx_HAL_Driver/Src/stm32f4xx_hal.o
                0x000000002000000c                uwTickPrio
 .data.uwTickFreq
                0x0000000020000010        0x1 ./Drivers/STM32F4xx_HAL_Driver/Src/stm32f4xx_hal.o
                0x0000000020000010                uwTickFreq
 *fill*         0x0000000020000011        0x3 
 .data._impure_ptr
                0x0000000020000014        0x4 f:/stm32cubeide/stm32cubeide_1.12.0/stm32cubeide/plugins/com.st.stm32cube.ide.mcu.externaltools.gnu-tools-for-stm32.10.3-2021.10.win32_1.0.200.202301161003/tools/bin/../lib/gcc/arm-none-eabi/10.3.1/../../../../arm-none-eabi/lib/thumb/v7e-m+fp/hard\libc_nano.a(lib_a-impure.o)
                0x0000000020000014                _impure_ptr
 .data.impure_data
                0x0000000020000018       0x60 f:/stm32cubeide/stm32cubeide_1.12.0/stm32cubeide/plugins/com.st.stm32cube.ide.mcu.externaltools.gnu-tools-for-stm32.10.3-2021.10.win32_1.0.200.202301161003/tools/bin/../lib/gcc/arm-none-eabi/10.3.1/../../../../arm-none-eabi/lib/thumb/v7e-m+fp/hard\libc_nano.a(lib_a-impure.o)
 .data.__global_locale
                0x0000000020000078      0x16c f:/stm32cubeide/stm32cubeide_1.12.0/stm32cubeide/plugins/com.st.stm32cube.ide.mcu.externaltools.gnu-tools-for-stm32.10.3-2021.10.win32_1.0.200.202301161003/tools/bin/../lib/gcc/arm-none-eabi/10.3.1/../../../../arm-none-eabi/lib/thumb/v7e-m+fp/hard\libc_nano.a(lib_a-locale.o)
                0x0000000020000078                __global_locale
 *(.RamFunc)
 *(.RamFunc*)
                0x00000000200001e4                . = ALIGN (0x4)
                0x00000000200001e4                _edata = .
                0x0000000008008ee0                _siccmram = LOADADDR (.ccmram)

.igot.plt       0x00000000200001e4        0x0 load address 0x0000000008008ee0
 .igot.plt      0x00000000200001e4        0x0 f:/stm32cubeide/stm32cubeide_1.12.0/stm32cubeide/plugins/com.st.stm32cube.ide.mcu.externaltools.gnu-tools-for-stm32.10.3-2021.10.win32_1.0.200.202301161003/tools/bin/../lib/gcc/arm-none-eabi/10.3.1/thumb/v7e-m+fp/hard/crtbegin.o

.ccmram         0x0000000010000000        0x0 load address 0x0000000008008ee0
                0x0000000010000000                . = ALIGN (0x4)
                0x0000000010000000                _sccmram = .
 *(.ccmram)
 *(.ccmram*)
                0x0000000010000000                . = ALIGN (0x4)
                0x0000000010000000                _eccmram = .
                0x0000000010000000                . = ALIGN (0x4)

.bss            0x00000000200001e4      0x1f4
                0x00000000200001e4                _sbss = .
                0x00000000200001e4                __bss_start__ = _sbss
 *(.bss)
 .bss           0x00000000200001e4       0x1c f:/stm32cubeide/stm32cubeide_1.12.0/stm32cubeide/plugins/com.st.stm32cube.ide.mcu.externaltools.gnu-tools-for-stm32.10.3-2021.10.win32_1.0.200.202301161003/tools/bin/../lib/gcc/arm-none-eabi/10.3.1/thumb/v7e-m+fp/hard/crtbegin.o
 *(.bss*)
 .bss.hspi1     0x0000000020000200       0x58 ./Core/Src/main.o
                0x0000000020000200                hspi1
 .bss.htim1     0x0000000020000258       0x48 ./Core/Src/main.o
                0x0000000020000258                htim1
 .bss.htim2     0x00000000200002a0       0x48 ./Core/Src/main.o
                0x00000000200002a0                htim2
 .bss.stepCount
                0x00000000200002e8        0x4 ./Core/Src/main.o
                0x00000000200002e8                stepCount
 .bss.distCount
                0x00000000200002ec        0x4 ./Core/Src/main.o
                0x00000000200002ec                distCount
 .bss.isAuthorized
                0x00000000200002f0        0x4 ./Core/Src/main.o
                0x00000000200002f0                isAuthorized
 .bss.spacesPrint
                0x00000000200002f4       0x14 ./Core/Src/main.o
                0x00000000200002f4                spacesPrint
 .bss.Rh_Integral
                0x0000000020000308        0x1 ./Core/Src/stm32f4xx_dht11.o
                0x0000000020000308                Rh_Integral
 .bss.Rh_Decimal
                0x0000000020000309        0x1 ./Core/Src/stm32f4xx_dht11.o
                0x0000000020000309                Rh_Decimal
 .bss.Temp_Integral
                0x000000002000030a        0x1 ./Core/Src/stm32f4xx_dht11.o
                0x000000002000030a                Temp_Integral
 .bss.Temp_Decimal
                0x000000002000030b        0x1 ./Core/Src/stm32f4xx_dht11.o
                0x000000002000030b                Temp_Decimal
 .bss.SUM       0x000000002000030c        0x2 ./Core/Src/stm32f4xx_dht11.o
                0x000000002000030c                SUM
 *fill*         0x000000002000030e        0x2 
 .bss.Temperature
                0x0000000020000310        0x4 ./Core/Src/stm32f4xx_dht11.o
                0x0000000020000310                Temperature
 .bss.Humidity  0x0000000020000314        0x4 ./Core/Src/stm32f4xx_dht11.o
                0x0000000020000314                Humidity
 .bss.Presence  0x0000000020000318        0x1 ./Core/Src/stm32f4xx_dht11.o
                0x0000000020000318                Presence
 *fill*         0x0000000020000319        0x3 
 .bss.IC_Val1   0x000000002000031c        0x4 ./Core/Src/stm32f4xx_hcsr04.o
                0x000000002000031c                IC_Val1
 .bss.IC_Val2   0x0000000020000320        0x4 ./Core/Src/stm32f4xx_hcsr04.o
                0x0000000020000320                IC_Val2
 .bss.Difference
                0x0000000020000324        0x4 ./Core/Src/stm32f4xx_hcsr04.o
                0x0000000020000324                Difference
 .bss.Is_First_Captured1
                0x0000000020000328        0x1 ./Core/Src/stm32f4xx_hcsr04.o
                0x0000000020000328                Is_First_Captured1
 .bss.Is_First_Captured2
                0x0000000020000329        0x1 ./Core/Src/stm32f4xx_hcsr04.o
                0x0000000020000329                Is_First_Captured2
 .bss.DistanceIn
                0x000000002000032a        0x1 ./Core/Src/stm32f4xx_hcsr04.o
                0x000000002000032a                DistanceIn
 .bss.DistanceOut
                0x000000002000032b        0x1 ./Core/Src/stm32f4xx_hcsr04.o
                0x000000002000032b                DistanceOut
 .bss.printDistanceIn
                0x000000002000032c       0x14 ./Core/Src/stm32f4xx_hcsr04.o
                0x000000002000032c                printDistanceIn
 .bss.printDistanceOut
                0x0000000020000340       0x14 ./Core/Src/stm32f4xx_hcsr04.o
                0x0000000020000340                printDistanceOut
 .bss.CardID    0x0000000020000354        0x4 ./Core/Src/stm32f4xx_mfrc522.o
                0x0000000020000354                CardID
 .bss.CardID_Print
                0x0000000020000358       0x32 ./Core/Src/stm32f4xx_mfrc522.o
                0x0000000020000358                CardID_Print
 *fill*         0x000000002000038a        0x2 
 .bss.buffer_Detection
                0x000000002000038c       0x32 ./Core/Src/stm32f4xx_mfrc522.o
                0x000000002000038c                buffer_Detection
 *fill*         0x00000000200003be        0x2 
 .bss.__sbrk_heap_end
                0x00000000200003c0        0x4 ./Core/Src/sysmem.o
 .bss.uwTick    0x00000000200003c4        0x4 ./Drivers/STM32F4xx_HAL_Driver/Src/stm32f4xx_hal.o
                0x00000000200003c4                uwTick
 .bss.__malloc_free_list
                0x00000000200003c8        0x4 f:/stm32cubeide/stm32cubeide_1.12.0/stm32cubeide/plugins/com.st.stm32cube.ide.mcu.externaltools.gnu-tools-for-stm32.10.3-2021.10.win32_1.0.200.202301161003/tools/bin/../lib/gcc/arm-none-eabi/10.3.1/../../../../arm-none-eabi/lib/thumb/v7e-m+fp/hard\libc_nano.a(lib_a-nano-mallocr.o)
                0x00000000200003c8                __malloc_free_list
 .bss.__malloc_sbrk_start
                0x00000000200003cc        0x4 f:/stm32cubeide/stm32cubeide_1.12.0/stm32cubeide/plugins/com.st.stm32cube.ide.mcu.externaltools.gnu-tools-for-stm32.10.3-2021.10.win32_1.0.200.202301161003/tools/bin/../lib/gcc/arm-none-eabi/10.3.1/../../../../arm-none-eabi/lib/thumb/v7e-m+fp/hard\libc_nano.a(lib_a-nano-mallocr.o)
                0x00000000200003cc                __malloc_sbrk_start
 .bss.errno     0x00000000200003d0        0x4 f:/stm32cubeide/stm32cubeide_1.12.0/stm32cubeide/plugins/com.st.stm32cube.ide.mcu.externaltools.gnu-tools-for-stm32.10.3-2021.10.win32_1.0.200.202301161003/tools/bin/../lib/gcc/arm-none-eabi/10.3.1/../../../../arm-none-eabi/lib/thumb/v7e-m+fp/hard\libc_nano.a(lib_a-reent.o)